../Drivers/STM32WBxx_HAL_Driver/Inc/stm32wbxx_ll_rcc.h:1675:22:LL_RCC_LSE_SetDriveCapability	16	static
../Drivers/STM32WBxx_HAL_Driver/Inc/stm32wbxx_ll_bus.h:539:22:LL_AHB2_GRP1_EnableClock	24	static
../Core/Src/main.c:24:5:main	16	static
../Core/Src/main.c:62:6:vBlueLedControllerTask	16	static
../Core/Src/main.c:71:6:vRedLedControllerTask	16	static
../Core/Src/main.c:81:6:vGreenLedControllerTask	16	static
../Core/Src/main.c:90:5:__io_putchar	16	static
../Core/Src/main.c:96:6:vApplicationIdleHook	4	static
../Core/Src/main.c:101:6:SystemClock_Config	112	static
../Core/Src/main.c:169:13:MX_LPUART1_UART_Init	8	static
../Core/Src/main.c:217:13:MX_USB_PCD_Init	8	static
../Core/Src/main.c:250:13:MX_GPIO_Init	32	static
../Core/Src/main.c:300:6:HAL_TIM_PeriodElapsedCallback	16	static
../Core/Src/main.c:317:6:Error_Handler	4	static,ignoring_inline_asm
