../Drivers/STM32WBxx_HAL_Driver/Inc/stm32wbxx_ll_rcc.h:1675:22:LL_RCC_LSE_SetDriveCapability	16	static
../Drivers/STM32WBxx_HAL_Driver/Inc/stm32wbxx_ll_bus.h:539:22:LL_AHB2_GRP1_EnableClock	24	static
../Core/Src/main.c:23:5:main	16	static
../Core/Src/main.c:67:6:polledUartReceived	24	static
../Core/Src/main.c:81:6:HandlerTask	16	static
../Core/Src/main.c:89:6:SystemClock_Config	112	static
../Core/Src/main.c:163:13:MX_USB_PCD_Init	8	static
../Core/Src/main.c:196:13:MX_GPIO_Init	32	static
../Core/Src/main.c:246:6:HAL_TIM_PeriodElapsedCallback	16	static
../Core/Src/main.c:263:6:Error_Handler	4	static,ignoring_inline_asm
