../Drivers/STM32WBxx_HAL_Driver/Inc/stm32wbxx_ll_rcc.h:1675:22:LL_RCC_LSE_SetDriveCapability	16	static
../Drivers/STM32WBxx_HAL_Driver/Inc/stm32wbxx_ll_bus.h:539:22:LL_AHB2_GRP1_EnableClock	24	static
../Core/Src/main.c:54:5:main	152	static
../Core/Src/main.c:116:6:vGreenLedControllerTask	16	static
../Core/Src/main.c:126:6:vRedLedControllerTask	24	static
../Core/Src/main.c:141:6:vOrangeLedControllerTask	16	static
../Core/Src/main.c:151:6:vBlueLedControllerTask	16	static
../Core/Src/main.c:167:6:Timer1_Callback	16	static
../Core/Src/main.c:172:6:Timer2_Callback	16	static
../Core/Src/main.c:177:6:SystemClock_Config	112	static
../Core/Src/main.c:245:13:MX_LPUART1_UART_Init	8	static
../Core/Src/main.c:293:13:MX_USB_PCD_Init	8	static
../Core/Src/main.c:326:13:MX_GPIO_Init	32	static
../Core/Src/main.c:376:6:HAL_TIM_PeriodElapsedCallback	16	static
../Core/Src/main.c:393:6:Error_Handler	4	static,ignoring_inline_asm
