../Drivers/STM32WBxx_HAL_Driver/Inc/stm32wbxx_ll_rcc.h:1675:22:LL_RCC_LSE_SetDriveCapability	16	static
../Drivers/STM32WBxx_HAL_Driver/Inc/stm32wbxx_ll_bus.h:539:22:LL_AHB2_GRP1_EnableClock	24	static
../Core/Src/main.c:26:5:main	16	static
../Core/Src/main.c:57:6:vSenderTask1	24	static
../Core/Src/main.c:72:6:vSenderTask2	24	static
../Core/Src/main.c:87:6:vReceiverTask	24	static
../Core/Src/main.c:105:5:__io_putchar	16	static
../Core/Src/main.c:111:6:SystemClock_Config	112	static
../Core/Src/main.c:181:13:MX_LPUART1_UART_Init	8	static
../Core/Src/main.c:231:13:MX_USB_PCD_Init	8	static
../Core/Src/main.c:264:13:MX_GPIO_Init	32	static
../Core/Src/main.c:315:6:HAL_TIM_PeriodElapsedCallback	16	static
../Core/Src/main.c:333:6:Error_Handler	4	static,ignoring_inline_asm
