../Drivers/CMSIS/Include/core_cm4.h:1679:22:__NVIC_EnableIRQ	16	static,ignoring_inline_asm
../Drivers/CMSIS/Include/core_cm4.h:1809:22:__NVIC_SetPriority	16	static
../Drivers/STM32WBxx_HAL_Driver/Inc/stm32wbxx_ll_rcc.h:1675:22:LL_RCC_LSE_SetDriveCapability	16	static
../Drivers/STM32WBxx_HAL_Driver/Inc/stm32wbxx_ll_bus.h:539:22:LL_AHB2_GRP1_EnableClock	24	static
../Core/Src/main.c:30:5:main	16	static
../Core/Src/main.c:65:9:start_rx_interrupt	16	static
../Core/Src/main.c:85:6:HandlerTask	24	static
../Core/Src/main.c:118:6:LPUART1_IRQHandler	16	static,ignoring_inline_asm
../Core/Src/main.c:138:6:SystemClock_Config	112	static
../Core/Src/main.c:212:13:MX_USB_PCD_Init	8	static
../Core/Src/main.c:245:13:MX_GPIO_Init	32	static
../Core/Src/main.c:295:6:HAL_TIM_PeriodElapsedCallback	16	static
../Core/Src/main.c:312:6:Error_Handler	4	static,ignoring_inline_asm
