../Drivers/STM32WBxx_HAL_Driver/Inc/stm32wbxx_ll_rcc.h:1675:22:LL_RCC_LSE_SetDriveCapability	16	static
../Drivers/STM32WBxx_HAL_Driver/Inc/stm32wbxx_ll_bus.h:539:22:LL_AHB2_GRP1_EnableClock	24	static
../Core/Src/main.c:21:5:main	16	static
../Core/Src/main.c:52:6:HandlerTask	24	static
../Core/Src/main.c:68:6:EXTI15_10_IRQHandler	16	static,ignoring_inline_asm
../Core/Src/main.c:82:6:SystemClock_Config	112	static
../Core/Src/main.c:156:13:MX_USB_PCD_Init	8	static
../Core/Src/main.c:189:13:MX_GPIO_Init	32	static
../Core/Src/main.c:239:6:HAL_TIM_PeriodElapsedCallback	16	static
../Core/Src/main.c:256:6:Error_Handler	4	static,ignoring_inline_asm
