../Drivers/STM32WBxx_HAL_Driver/Inc/stm32wbxx_ll_rcc.h:1675:22:LL_RCC_LSE_SetDriveCapability	16	static
../Drivers/STM32WBxx_HAL_Driver/Inc/stm32wbxx_ll_bus.h:539:22:LL_AHB2_GRP1_EnableClock	24	static
../Core/Src/main.c:22:5:main	16	static
../Core/Src/main.c:44:6:vBlueLedControllerTask	16	static
../Core/Src/main.c:53:6:vRedLedControllerTask	16	static
../Core/Src/main.c:62:6:vGreenLedControllerTask	16	static
../Core/Src/main.c:71:5:uart2_write	16	static
../Core/Src/main.c:78:5:__io_putchar	16	static
../Core/Src/main.c:89:6:SystemClock_Config	112	static
../Core/Src/main.c:157:13:MX_LPUART1_UART_Init	8	static
../Core/Src/main.c:205:13:MX_USB_PCD_Init	8	static
../Core/Src/main.c:238:13:MX_GPIO_Init	32	static
../Core/Src/main.c:288:6:HAL_TIM_PeriodElapsedCallback	16	static
../Core/Src/main.c:305:6:Error_Handler	4	static,ignoring_inline_asm
