Archive member included to satisfy reference by file (symbol)

c:/st/stm32cubeide_1.10.1/stm32cubeide/plugins/com.st.stm32cube.ide.mcu.externaltools.gnu-tools-for-stm32.10.3-2021.10.win32_1.0.100.202210260954/tools/bin/../lib/gcc/arm-none-eabi/10.3.1/../../../../arm-none-eabi/lib/thumb/v7e-m+fp/hard\libc_nano.a(lib_a-errno.o)
                              ./Core/Src/syscalls.o (__errno)
c:/st/stm32cubeide_1.10.1/stm32cubeide/plugins/com.st.stm32cube.ide.mcu.externaltools.gnu-tools-for-stm32.10.3-2021.10.win32_1.0.100.202210260954/tools/bin/../lib/gcc/arm-none-eabi/10.3.1/../../../../arm-none-eabi/lib/thumb/v7e-m+fp/hard\libc_nano.a(lib_a-exit.o)
                              c:/st/stm32cubeide_1.10.1/stm32cubeide/plugins/com.st.stm32cube.ide.mcu.externaltools.gnu-tools-for-stm32.10.3-2021.10.win32_1.0.100.202210260954/tools/bin/../lib/gcc/arm-none-eabi/10.3.1/../../../../arm-none-eabi/lib/thumb/v7e-m+fp/hard/crt0.o (exit)
c:/st/stm32cubeide_1.10.1/stm32cubeide/plugins/com.st.stm32cube.ide.mcu.externaltools.gnu-tools-for-stm32.10.3-2021.10.win32_1.0.100.202210260954/tools/bin/../lib/gcc/arm-none-eabi/10.3.1/../../../../arm-none-eabi/lib/thumb/v7e-m+fp/hard\libc_nano.a(lib_a-findfp.o)
                              ./Middlewares/Third_Party/FreeRTOS/Source/tasks.o (__sf_fake_stderr)
c:/st/stm32cubeide_1.10.1/stm32cubeide/plugins/com.st.stm32cube.ide.mcu.externaltools.gnu-tools-for-stm32.10.3-2021.10.win32_1.0.100.202210260954/tools/bin/../lib/gcc/arm-none-eabi/10.3.1/../../../../arm-none-eabi/lib/thumb/v7e-m+fp/hard\libc_nano.a(lib_a-fwalk.o)
                              c:/st/stm32cubeide_1.10.1/stm32cubeide/plugins/com.st.stm32cube.ide.mcu.externaltools.gnu-tools-for-stm32.10.3-2021.10.win32_1.0.100.202210260954/tools/bin/../lib/gcc/arm-none-eabi/10.3.1/../../../../arm-none-eabi/lib/thumb/v7e-m+fp/hard\libc_nano.a(lib_a-findfp.o) (_fwalk)
c:/st/stm32cubeide_1.10.1/stm32cubeide/plugins/com.st.stm32cube.ide.mcu.externaltools.gnu-tools-for-stm32.10.3-2021.10.win32_1.0.100.202210260954/tools/bin/../lib/gcc/arm-none-eabi/10.3.1/../../../../arm-none-eabi/lib/thumb/v7e-m+fp/hard\libc_nano.a(lib_a-impure.o)
                              c:/st/stm32cubeide_1.10.1/stm32cubeide/plugins/com.st.stm32cube.ide.mcu.externaltools.gnu-tools-for-stm32.10.3-2021.10.win32_1.0.100.202210260954/tools/bin/../lib/gcc/arm-none-eabi/10.3.1/../../../../arm-none-eabi/lib/thumb/v7e-m+fp/hard\libc_nano.a(lib_a-exit.o) (_global_impure_ptr)
c:/st/stm32cubeide_1.10.1/stm32cubeide/plugins/com.st.stm32cube.ide.mcu.externaltools.gnu-tools-for-stm32.10.3-2021.10.win32_1.0.100.202210260954/tools/bin/../lib/gcc/arm-none-eabi/10.3.1/../../../../arm-none-eabi/lib/thumb/v7e-m+fp/hard\libc_nano.a(lib_a-init.o)
                              c:/st/stm32cubeide_1.10.1/stm32cubeide/plugins/com.st.stm32cube.ide.mcu.externaltools.gnu-tools-for-stm32.10.3-2021.10.win32_1.0.100.202210260954/tools/bin/../lib/gcc/arm-none-eabi/10.3.1/../../../../arm-none-eabi/lib/thumb/v7e-m+fp/hard/crt0.o (__libc_init_array)
c:/st/stm32cubeide_1.10.1/stm32cubeide/plugins/com.st.stm32cube.ide.mcu.externaltools.gnu-tools-for-stm32.10.3-2021.10.win32_1.0.100.202210260954/tools/bin/../lib/gcc/arm-none-eabi/10.3.1/../../../../arm-none-eabi/lib/thumb/v7e-m+fp/hard\libc_nano.a(lib_a-lock.o)
                              c:/st/stm32cubeide_1.10.1/stm32cubeide/plugins/com.st.stm32cube.ide.mcu.externaltools.gnu-tools-for-stm32.10.3-2021.10.win32_1.0.100.202210260954/tools/bin/../lib/gcc/arm-none-eabi/10.3.1/../../../../arm-none-eabi/lib/thumb/v7e-m+fp/hard\libc_nano.a(lib_a-findfp.o) (__retarget_lock_init_recursive)
c:/st/stm32cubeide_1.10.1/stm32cubeide/plugins/com.st.stm32cube.ide.mcu.externaltools.gnu-tools-for-stm32.10.3-2021.10.win32_1.0.100.202210260954/tools/bin/../lib/gcc/arm-none-eabi/10.3.1/../../../../arm-none-eabi/lib/thumb/v7e-m+fp/hard\libc_nano.a(lib_a-memcpy-stub.o)
                              ./Middlewares/Third_Party/FreeRTOS/Source/CMSIS_RTOS_V2/cmsis_os2.o (memcpy)
c:/st/stm32cubeide_1.10.1/stm32cubeide/plugins/com.st.stm32cube.ide.mcu.externaltools.gnu-tools-for-stm32.10.3-2021.10.win32_1.0.100.202210260954/tools/bin/../lib/gcc/arm-none-eabi/10.3.1/../../../../arm-none-eabi/lib/thumb/v7e-m+fp/hard\libc_nano.a(lib_a-memset.o)
                              c:/st/stm32cubeide_1.10.1/stm32cubeide/plugins/com.st.stm32cube.ide.mcu.externaltools.gnu-tools-for-stm32.10.3-2021.10.win32_1.0.100.202210260954/tools/bin/../lib/gcc/arm-none-eabi/10.3.1/../../../../arm-none-eabi/lib/thumb/v7e-m+fp/hard/crt0.o (memset)
c:/st/stm32cubeide_1.10.1/stm32cubeide/plugins/com.st.stm32cube.ide.mcu.externaltools.gnu-tools-for-stm32.10.3-2021.10.win32_1.0.100.202210260954/tools/bin/../lib/gcc/arm-none-eabi/10.3.1/../../../../arm-none-eabi/lib/thumb/v7e-m+fp/hard\libc_nano.a(lib_a-nano-mallocr.o)
[...]
Memory Configuration

Name             Origin             Length             Attributes
FLASH            0x0000000008000000 0x0000000000080000 xr
RAM1             0x0000000020000004 0x000000000002fffc xrw
RAM_SHARED       0x0000000020030000 0x0000000000002800 xrw
*default*        0x0000000000000000 0xffffffffffffffff

Linker script and memory map

LOAD c:/st/stm32cubeide_1.10.1/stm32cubeide/plugins/com.st.stm32cube.ide.mcu.externaltools.gnu-tools-for-stm32.10.3-2021.10.win32_1.0.100.202210260954/tools/bin/../lib/gcc/arm-none-eabi/10.3.1/thumb/v7e-m+fp/hard/crti.o
LOAD c:/st/stm32cubeide_1.10.1/stm32cubeide/plugins/com.st.stm32cube.ide.mcu.externaltools.gnu-tools-for-stm32.10.3-2021.10.win32_1.0.100.202210260954/tools/bin/../lib/gcc/arm-none-eabi/10.3.1/thumb/v7e-m+fp/hard/crtbegin.o
LOAD c:/st/stm32cubeide_1.10.1/stm32cubeide/plugins/com.st.stm32cube.ide.mcu.externaltools.gnu-tools-for-stm32.10.3-2021.10.win32_1.0.100.202210260954/tools/bin/../lib/gcc/arm-none-eabi/10.3.1/../../../../arm-none-eabi/lib/thumb/v7e-m+fp/hard/crt0.o
LOAD ./Core/Src/app_freertos.o
LOAD ./Core/Src/main.o
LOAD ./Core/Src/stm32wbxx_hal_msp.o
LOAD ./Core/Src/stm32wbxx_hal_timebase_tim.o
LOAD ./Core/Src/stm32wbxx_it.o
LOAD ./Core/Src/syscalls.o
LOAD ./Core/Src/sysmem.o
LOAD ./Core/Src/system_stm32wbxx.o
LOAD ./Core/Startup/startup_stm32wb55rgvx.o
LOAD ./Drivers/STM32WBxx_HAL_Driver/Src/stm32wbxx_hal.o
LOAD ./Drivers/STM32WBxx_HAL_Driver/Src/stm32wbxx_hal_cortex.o
LOAD ./Drivers/STM32WBxx_HAL_Driver/Src/stm32wbxx_hal_dma.o
LOAD ./Drivers/STM32WBxx_HAL_Driver/Src/stm32wbxx_hal_dma_ex.o
LOAD ./Drivers/STM32WBxx_HAL_Driver/Src/stm32wbxx_hal_exti.o
LOAD ./Drivers/STM32WBxx_HAL_Driver/Src/stm32wbxx_hal_flash.o
LOAD ./Drivers/STM32WBxx_HAL_Driver/Src/stm32wbxx_hal_flash_ex.o
LOAD ./Drivers/STM32WBxx_HAL_Driver/Src/stm32wbxx_hal_gpio.o
LOAD ./Drivers/STM32WBxx_HAL_Driver/Src/stm32wbxx_hal_hsem.o
LOAD ./Drivers/STM32WBxx_HAL_Driver/Src/stm32wbxx_hal_pcd.o
LOAD ./Drivers/STM32WBxx_HAL_Driver/Src/stm32wbxx_hal_pcd_ex.o
LOAD ./Drivers/STM32WBxx_HAL_Driver/Src/stm32wbxx_hal_pwr.o
LOAD ./Drivers/STM32WBxx_HAL_Driver/Src/stm32wbxx_hal_pwr_ex.o
LOAD ./Drivers/STM32WBxx_HAL_Driver/Src/stm32wbxx_hal_rcc.o
LOAD ./Drivers/STM32WBxx_HAL_Driver/Src/stm32wbxx_hal_rcc_ex.o
LOAD ./Drivers/STM32WBxx_HAL_Driver/Src/stm32wbxx_hal_tim.o
LOAD ./Drivers/STM32WBxx_HAL_Driver/Src/stm32wbxx_hal_tim_ex.o
LOAD ./Drivers/STM32WBxx_HAL_Driver/Src/stm32wbxx_hal_uart.o
LOAD ./Drivers/STM32WBxx_HAL_Driver/Src/stm32wbxx_hal_uart_ex.o
LOAD ./Drivers/STM32WBxx_HAL_Driver/Src/stm32wbxx_ll_usb.o
LOAD ./Middlewares/Third_Party/FreeRTOS/Source/CMSIS_RTOS_V2/cmsis_os2.o
LOAD ./Middlewares/Third_Party/FreeRTOS/Source/croutine.o
LOAD ./Middlewares/Third_Party/FreeRTOS/Source/event_groups.o
LOAD ./Middlewares/Third_Party/FreeRTOS/Source/list.o
LOAD ./Middlewares/Third_Party/FreeRTOS/Source/queue.o
LOAD ./Middlewares/Third_Party/FreeRTOS/Source/stream_buffer.o
LOAD ./Middlewares/Third_Party/FreeRTOS/Source/tasks.o
LOAD ./Middlewares/Third_Party/FreeRTOS/Source/timers.o
LOAD ./Middlewares/Third_Party/FreeRTOS/Source/portable/GCC/ARM_CM4F/port.o
LOAD ./Middlewares/Third_Party/FreeRTOS/Source/portable/MemMang/heap_4.o
START GROUP
LOAD c:/st/stm32cubeide_1.10.1/stm32cubeide/plugins/com.st.stm32cube.ide.mcu.externaltools.gnu-tools-for-stm32.10.3-2021.10.win32_1.0.100.202210260954/tools/bin/../lib/gcc/arm-none-eabi/10.3.1/../../../../arm-none-eabi/lib/thumb/v7e-m+fp/hard\libstdc++_nano.a
LOAD c:/st/stm32cubeide_1.10.1/stm32cubeide/plugins/com.st.stm32cube.ide.mcu.externaltools.gnu-tools-for-stm32.10.3-2021.10.win32_1.0.100.202210260954/tools/bin/../lib/gcc/arm-none-eabi/10.3.1/../../../../arm-none-eabi/lib/thumb/v7e-m+fp/hard\libsupc++_nano.a
END GROUP
LOAD c:/st/stm32cubeide_1.10.1/stm32cubeide/plugins/com.st.stm32cube.ide.mcu.externaltools.gnu-tools-for-stm32.10.3-2021.10.win32_1.0.100.202210260954/tools/bin/../lib/gcc/arm-none-eabi/10.3.1/../../../../arm-none-eabi/lib/thumb/v7e-m+fp/hard\libstdc++_nano.a
LOAD c:/st/stm32cubeide_1.10.1/stm32cubeide/plugins/com.st.stm32cube.ide.mcu.externaltools.gnu-tools-for-stm32.10.3-2021.10.win32_1.0.100.202210260954/tools/bin/../lib/gcc/arm-none-eabi/10.3.1/../../../../arm-none-eabi/lib/thumb/v7e-m+fp/hard\libm.a
LOAD c:/st/stm32cubeide_1.10.1/stm32cubeide/plugins/com.st.stm32cube.ide.mcu.externaltools.gnu-tools-for-stm32.10.3-2021.10.win32_1.0.100.202210260954/tools/bin/../lib/gcc/arm-none-eabi/10.3.1/../../../../arm-none-eabi/lib/thumb/v7e-m+fp/hard\libc_nano.a
START GROUP
LOAD c:/st/stm32cubeide_1.10.1/stm32cubeide/plugins/com.st.stm32cube.ide.mcu.externaltools.gnu-tools-for-stm32.10.3-2021.10.win32_1.0.100.202210260954/tools/bin/../lib/gcc/arm-none-eabi/10.3.1/thumb/v7e-m+fp/hard\libgcc.a
LOAD c:/st/stm32cubeide_1.10.1/stm32cubeide/plugins/com.st.stm32cube.ide.mcu.externaltools.gnu-tools-for-stm32.10.3-2021.10.win32_1.0.100.202210260954/tools/bin/../lib/gcc/arm-none-eabi/10.3.1/../../../../arm-none-eabi/lib/thumb/v7e-m+fp/hard\libc_nano.a
END GROUP
START GROUP
LOAD c:/st/stm32cubeide_1.10.1/stm32cubeide/plugins/com.st.stm32cube.ide.mcu.externaltools.gnu-tools-for-stm32.10.3-2021.10.win32_1.0.100.202210260954/tools/bin/../lib/gcc/arm-none-eabi/10.3.1/thumb/v7e-m+fp/hard\libgcc.a
LOAD c:/st/stm32cubeide_1.10.1/stm32cubeide/plugins/com.st.stm32cube.ide.mcu.externaltools.gnu-tools-for-stm32.10.3-2021.10.win32_1.0.100.202210260954/tools/bin/../lib/gcc/arm-none-eabi/10.3.1/../../../../arm-none-eabi/lib/thumb/v7e-m+fp/hard\libc_nano.a
LOAD c:/st/stm32cubeide_1.10.1/stm32cubeide/plugins/com.st.stm32cube.ide.mcu.externaltools.gnu-tools-for-stm32.10.3-2021.10.win32_1.0.100.202210260954/tools/bin/../lib/gcc/arm-none-eabi/10.3.1/../../../../arm-none-eabi/lib/thumb/v7e-m+fp/hard\libnosys.a
END GROUP
START GROUP
LOAD c:/st/stm32cubeide_1.10.1/stm32cubeide/plugins/com.st.stm32cube.ide.mcu.externaltools.gnu-tools-for-stm32.10.3-2021.10.win32_1.0.100.202210260954/tools/bin/../lib/gcc/arm-none-eabi/10.3.1/thumb/v7e-m+fp/hard\libgcc.a
LOAD c:/st/stm32cubeide_1.10.1/stm32cubeide/plugins/com.st.stm32cube.ide.mcu.externaltools.gnu-tools-for-stm32.10.3-2021.10.win32_1.0.100.202210260954/tools/bin/../lib/gcc/arm-none-eabi/10.3.1/../../../../arm-none-eabi/lib/thumb/v7e-m+fp/hard\libc_nano.a
LOAD c:/st/stm32cubeide_1.10.1/stm32cubeide/plugins/com.st.stm32cube.ide.mcu.externaltools.gnu-tools-for-stm32.10.3-2021.10.win32_1.0.100.202210260954/tools/bin/../lib/gcc/arm-none-eabi/10.3.1/../../../../arm-none-eabi/lib/thumb/v7e-m+fp/hard\libnosys.a
END GROUP
LOAD c:/st/stm32cubeide_1.10.1/stm32cubeide/plugins/com.st.stm32cube.ide.mcu.externaltools.gnu-tools-for-stm32.10.3-2021.10.win32_1.0.100.202210260954/tools/bin/../lib/gcc/arm-none-eabi/10.3.1/thumb/v7e-m+fp/hard/crtend.o
LOAD c:/st/stm32cubeide_1.10.1/stm32cubeide/plugins/com.st.stm32cube.ide.mcu.externaltools.gnu-tools-for-stm32.10.3-2021.10.win32_1.0.100.202210260954/tools/bin/../lib/gcc/arm-none-eabi/10.3.1/thumb/v7e-m+fp/hard/crtn.o
                0x0000000020030000                _estack = (ORIGIN (RAM1) + LENGTH (RAM1))
                0x0000000000000200                _Min_Heap_Size = 0x200
                0x0000000000000400                _Min_Stack_Size = 0x400

.isr_vector     0x0000000008000000      0x13c
                0x0000000008000000                . = ALIGN (0x4)
 *(.isr_vector)
 .isr_vector    0x0000000008000000      0x13c ./Core/Startup/startup_stm32wb55rgvx.o
                0x0000000008000000                g_pfnVectors
                0x000000000800013c                . = ALIGN (0x4)

.text           0x0000000008000140     0x86a8
                0x0000000008000140                . = ALIGN (0x4)
 *(.text)
 .text          0x0000000008000140       0x40 c:/st/stm32cubeide_1.10.1/stm32cubeide/plugins/com.st.stm32cube.ide.mcu.externaltools.gnu-tools-for-stm32.10.3-2021.10.win32_1.0.100.202210260954/tools/bin/../lib/gcc/arm-none-eabi/10.3.1/thumb/v7e-m+fp/hard/crtbegin.o
 .text          0x0000000008000180       0x30 c:/st/stm32cubeide_1.10.1/stm32cubeide/plugins/com.st.stm32cube.ide.mcu.externaltools.gnu-tools-for-stm32.10.3-2021.10.win32_1.0.100.202210260954/tools/bin/../lib/gcc/arm-none-eabi/10.3.1/thumb/v7e-m+fp/hard\libgcc.a(_aeabi_uldivmod.o)
                0x0000000008000180                __aeabi_uldivmod
 .text          0x00000000080001b0      0x2d0 c:/st/stm32cubeide_1.10.1/stm32cubeide/plugins/com.st.stm32cube.ide.mcu.externaltools.gnu-tools-for-stm32.10.3-2021.10.win32_1.0.100.202210260954/tools/bin/../lib/gcc/arm-none-eabi/10.3.1/thumb/v7e-m+fp/hard\libgcc.a(_udivmoddi4.o)
                0x00000000080001b0                __udivmoddi4
 .text          0x0000000008000480        0x4 c:/st/stm32cubeide_1.10.1/stm32cubeide/plugins/com.st.stm32cube.ide.mcu.externaltools.gnu-tools-for-stm32.10.3-2021.10.win32_1.0.100.202210260954/tools/bin/../lib/gcc/arm-none-eabi/10.3.1/thumb/v7e-m+fp/hard\libgcc.a(_dvmd_tls.o)
                0x0000000008000480                __aeabi_idiv0
                0x0000000008000480                __aeabi_ldiv0
 *(.text*)
 .text.LL_RCC_LSE_SetDriveCapability
                0x0000000008000484       0x2c ./Core/Src/main.o
 .text.LL_AHB2_GRP1_EnableClock
                0x00000000080004b0       0x32 ./Core/Src/main.o
 *fill*         0x00000000080004e2        0x2 
 .text.main     0x00000000080004e4      0x15c ./Core/Src/main.o
                0x00000000080004e4                main
 .text.vGreenLedControllerTask
                0x0000000008000640       0x5c ./Core/Src/main.o
                0x0000000008000640                vGreenLedControllerTask
 .text.vRedLedControllerTask
                0x000000000800069c       0x5c ./Core/Src/main.o
                0x000000000800069c                vRedLedControllerTask
 .text.vOrangeLedControllerTask
                0x00000000080006f8       0x5c ./Core/Src/main.o
                0x00000000080006f8                vOrangeLedControllerTask
 .text.vBlueLedControllerTask
                0x0000000008000754       0x64 ./Core/Src/main.o
                0x0000000008000754                vBlueLedControllerTask
 .text.Timer1_Callback
                0x00000000080007b8       0x24 ./Core/Src/main.o
                0x00000000080007b8                Timer1_Callback
 .text.Timer2_Callback
                0x00000000080007dc       0x24 ./Core/Src/main.o
                0x00000000080007dc                Timer2_Callback
 .text.SystemClock_Config
                0x0000000008000800       0xec ./Core/Src/main.o
                0x0000000008000800                SystemClock_Config
 .text.MX_LPUART1_UART_Init
                0x00000000080008ec       0x98 ./Core/Src/main.o
 .text.MX_USB_PCD_Init
                0x0000000008000984       0x50 ./Core/Src/main.o
 .text.MX_GPIO_Init
                0x00000000080009d4       0xb0 ./Core/Src/main.o
 .text.HAL_TIM_PeriodElapsedCallback
                0x0000000008000a84       0x24 ./Core/Src/main.o
                0x0000000008000a84                HAL_TIM_PeriodElapsedCallback
 .text.Error_Handler
                0x0000000008000aa8        0xa ./Core/Src/main.o
                0x0000000008000aa8                Error_Handler
 .text.LL_AHB2_GRP1_EnableClock
                0x0000000008000ab2       0x32 ./Core/Src/stm32wbxx_hal_msp.o
 .text.LL_APB1_GRP1_EnableClock
                0x0000000008000ae4       0x32 ./Core/Src/stm32wbxx_hal_msp.o
 .text.LL_APB1_GRP2_EnableClock
                0x0000000008000b16       0x32 ./Core/Src/stm32wbxx_hal_msp.o
 .text.HAL_MspInit
                0x0000000008000b48       0x36 ./Core/Src/stm32wbxx_hal_msp.o
                0x0000000008000b48                HAL_MspInit
 *fill*         0x0000000008000b7e        0x2 
 .text.HAL_UART_MspInit
                0x0000000008000b80       0x88 ./Core/Src/stm32wbxx_hal_msp.o
                0x0000000008000b80                HAL_UART_MspInit
 .text.HAL_PCD_MspInit
                0x0000000008000c08       0xac ./Core/Src/stm32wbxx_hal_msp.o
                0x0000000008000c08                HAL_PCD_MspInit
 .text.LL_APB2_GRP1_EnableClock
                0x0000000008000cb4       0x32 ./Core/Src/stm32wbxx_hal_timebase_tim.o
 *fill*         0x0000000008000ce6        0x2 
 .text.HAL_InitTick
                0x0000000008000ce8       0x98 ./Core/Src/stm32wbxx_hal_timebase_tim.o
                0x0000000008000ce8                HAL_InitTick
 .text.NMI_Handler
                0x0000000008000d80        0x6 ./Core/Src/stm32wbxx_it.o
                0x0000000008000d80                NMI_Handler
 .text.HardFault_Handler
                0x0000000008000d86        0x6 ./Core/Src/stm32wbxx_it.o
                0x0000000008000d86                HardFault_Handler
 .text.MemManage_Handler
                0x0000000008000d8c        0x6 ./Core/Src/stm32wbxx_it.o
                0x0000000008000d8c                MemManage_Handler
 .text.BusFault_Handler
                0x0000000008000d92        0x6 ./Core/Src/stm32wbxx_it.o
                0x0000000008000d92                BusFault_Handler
 .text.UsageFault_Handler
                0x0000000008000d98        0x6 ./Core/Src/stm32wbxx_it.o
                0x0000000008000d98                UsageFault_Handler
 .text.DebugMon_Handler
                0x0000000008000d9e        0xe ./Core/Src/stm32wbxx_it.o
                0x0000000008000d9e                DebugMon_Handler
 .text.TIM1_UP_TIM16_IRQHandler
                0x0000000008000dac       0x14 ./Core/Src/stm32wbxx_it.o
                0x0000000008000dac                TIM1_UP_TIM16_IRQHandler
 .text._read    0x0000000008000dc0       0x3a ./Core/Src/syscalls.o
                0x0000000008000dc0                _read
 .text._write   0x0000000008000dfa       0x38 ./Core/Src/syscalls.o
                0x0000000008000dfa                _write
 .text._close   0x0000000008000e32       0x18 ./Core/Src/syscalls.o
                0x0000000008000e32                _close
 .text._fstat   0x0000000008000e4a       0x20 ./Core/Src/syscalls.o
                0x0000000008000e4a                _fstat
 .text._isatty  0x0000000008000e6a       0x16 ./Core/Src/syscalls.o
                0x0000000008000e6a                _isatty
 .text._lseek   0x0000000008000e80       0x1a ./Core/Src/syscalls.o
                0x0000000008000e80                _lseek
 *fill*         0x0000000008000e9a        0x2 
 .text._sbrk    0x0000000008000e9c       0x6c ./Core/Src/sysmem.o
                0x0000000008000e9c                _sbrk
 .text.SystemInit
                0x0000000008000f08       0xa4 ./Core/Src/system_stm32wbxx.o
                0x0000000008000f08                SystemInit
 .text.data_initializers
                0x0000000008000fac       0x18 ./Core/Startup/startup_stm32wb55rgvx.o
 .text.Reset_Handler
                0x0000000008000fc4       0x54 ./Core/Startup/startup_stm32wb55rgvx.o
                0x0000000008000fc4                Reset_Handler
 .text.Default_Handler
                0x0000000008001018        0x2 ./Core/Startup/startup_stm32wb55rgvx.o
                0x0000000008001018                RTC_Alarm_IRQHandler
                0x0000000008001018                EXTI2_IRQHandler
                0x0000000008001018                TIM1_CC_IRQHandler
                0x0000000008001018                TSC_IRQHandler
                0x0000000008001018                USB_HP_IRQHandler
                0x0000000008001018                EXTI3_IRQHandler
                0x0000000008001018                LPTIM2_IRQHandler
                0x0000000008001018                I2C3_ER_IRQHandler
                0x0000000008001018                EXTI0_IRQHandler
                0x0000000008001018                FPU_IRQHandler
                0x0000000008001018                AES1_IRQHandler
                0x0000000008001018                SPI1_IRQHandler
                0x0000000008001018                PWR_SOTF_BLEACT_802ACT_RFPHASE_IRQHandler
                0x0000000008001018                DMA2_Channel2_IRQHandler
                0x0000000008001018                DMA1_Channel4_IRQHandler
                0x0000000008001018                ADC1_IRQHandler
                0x0000000008001018                PKA_IRQHandler
                0x0000000008001018                DMA1_Channel7_IRQHandler
                0x0000000008001018                LCD_IRQHandler
                0x0000000008001018                IPCC_C1_TX_IRQHandler
                0x0000000008001018                DMA2_Channel1_IRQHandler
                0x0000000008001018                QUADSPI_IRQHandler
                0x0000000008001018                I2C1_EV_IRQHandler
                0x0000000008001018                DMAMUX1_OVR_IRQHandler
                0x0000000008001018                DMA1_Channel6_IRQHandler
                0x0000000008001018                DMA2_Channel4_IRQHandler
                0x0000000008001018                RCC_IRQHandler
                0x0000000008001018                DMA1_Channel1_IRQHandler
                0x0000000008001018                Default_Handler
                0x0000000008001018                DMA2_Channel7_IRQHandler
                0x0000000008001018                EXTI15_10_IRQHandler
                0x0000000008001018                IPCC_C1_RX_IRQHandler
                0x0000000008001018                C2SEV_PWR_C2H_IRQHandler
                0x0000000008001018                AES2_IRQHandler
                0x0000000008001018                I2C3_EV_IRQHandler
                0x0000000008001018                EXTI9_5_IRQHandler
                0x0000000008001018                RTC_WKUP_IRQHandler
                0x0000000008001018                PVD_PVM_IRQHandler
                0x0000000008001018                SPI2_IRQHandler
                0x0000000008001018                DMA2_Channel5_IRQHandler
                0x0000000008001018                CRS_IRQHandler
                0x0000000008001018                DMA1_Channel5_IRQHandler
                0x0000000008001018                USB_LP_IRQHandler
                0x0000000008001018                EXTI4_IRQHandler
                0x0000000008001018                RNG_IRQHandler
                0x0000000008001018                TIM1_TRG_COM_TIM17_IRQHandler
                0x0000000008001018                TAMP_STAMP_LSECSS_IRQHandler
                0x0000000008001018                DMA1_Channel3_IRQHandler
                0x0000000008001018                COMP_IRQHandler
                0x0000000008001018                HSEM_IRQHandler
                0x0000000008001018                WWDG_IRQHandler
                0x0000000008001018                LPUART1_IRQHandler
                0x0000000008001018                DMA2_Channel6_IRQHandler
                0x0000000008001018                TIM2_IRQHandler
                0x0000000008001018                TIM1_BRK_IRQHandler
                0x0000000008001018                EXTI1_IRQHandler
                0x0000000008001018                DMA1_Channel2_IRQHandler
                0x0000000008001018                FLASH_IRQHandler
                0x0000000008001018                USART1_IRQHandler
                0x0000000008001018                I2C1_ER_IRQHandler
                0x0000000008001018                LPTIM1_IRQHandler
                0x0000000008001018                SAI1_IRQHandler
                0x0000000008001018                DMA2_Channel3_IRQHandler
 *fill*         0x000000000800101a        0x2 
 .text.HAL_Init
                0x000000000800101c       0x40 ./Drivers/STM32WBxx_HAL_Driver/Src/stm32wbxx_hal.o
                0x000000000800101c                HAL_Init
 .text.HAL_IncTick
                0x000000000800105c       0x28 ./Drivers/STM32WBxx_HAL_Driver/Src/stm32wbxx_hal.o
                0x000000000800105c                HAL_IncTick
 .text.HAL_GetTick
                0x0000000008001084       0x18 ./Drivers/STM32WBxx_HAL_Driver/Src/stm32wbxx_hal.o
                0x0000000008001084                HAL_GetTick
 .text.HAL_GetTickPrio
                0x000000000800109c       0x18 ./Drivers/STM32WBxx_HAL_Driver/Src/stm32wbxx_hal.o
                0x000000000800109c                HAL_GetTickPrio
 .text.__NVIC_SetPriorityGrouping
                0x00000000080010b4       0x48 ./Drivers/STM32WBxx_HAL_Driver/Src/stm32wbxx_hal_cortex.o
 .text.__NVIC_GetPriorityGrouping
                0x00000000080010fc       0x1c ./Drivers/STM32WBxx_HAL_Driver/Src/stm32wbxx_hal_cortex.o
 .text.__NVIC_EnableIRQ
                0x0000000008001118       0x3c ./Drivers/STM32WBxx_HAL_Driver/Src/stm32wbxx_hal_cortex.o
 .text.__NVIC_SetPriority
                0x0000000008001154       0x54 ./Drivers/STM32WBxx_HAL_Driver/Src/stm32wbxx_hal_cortex.o
 .text.NVIC_EncodePriority
                0x00000000080011a8       0x66 ./Drivers/STM32WBxx_HAL_Driver/Src/stm32wbxx_hal_cortex.o
 .text.HAL_NVIC_SetPriorityGrouping
                0x000000000800120e       0x16 ./Drivers/STM32WBxx_HAL_Driver/Src/stm32wbxx_hal_cortex.o
                0x000000000800120e                HAL_NVIC_SetPriorityGrouping
 .text.HAL_NVIC_SetPriority
                0x0000000008001224       0x34 ./Drivers/STM32WBxx_HAL_Driver/Src/stm32wbxx_hal_cortex.o
                0x0000000008001224                HAL_NVIC_SetPriority
 .text.HAL_NVIC_EnableIRQ
                0x0000000008001258       0x1c ./Drivers/STM32WBxx_HAL_Driver/Src/stm32wbxx_hal_cortex.o
                0x0000000008001258                HAL_NVIC_EnableIRQ
 .text.HAL_GPIO_Init
                0x0000000008001274      0x2e0 ./Drivers/STM32WBxx_HAL_Driver/Src/stm32wbxx_hal_gpio.o
                0x0000000008001274                HAL_GPIO_Init
 .text.HAL_GPIO_WritePin
                0x0000000008001554       0x30 ./Drivers/STM32WBxx_HAL_Driver/Src/stm32wbxx_hal_gpio.o
                0x0000000008001554                HAL_GPIO_WritePin
 .text.HAL_PCD_Init
                0x0000000008001584      0x1d6 ./Drivers/STM32WBxx_HAL_Driver/Src/stm32wbxx_hal_pcd.o
                0x0000000008001584                HAL_PCD_Init
 .text.HAL_PCDEx_ActivateLPM
                0x000000000800175a       0x54 ./Drivers/STM32WBxx_HAL_Driver/Src/stm32wbxx_hal_pcd_ex.o
                0x000000000800175a                HAL_PCDEx_ActivateLPM
 *fill*         0x00000000080017ae        0x2 
 .text.LL_EXTI_EnableIT_0_31
                0x00000000080017b0       0x28 ./Drivers/STM32WBxx_HAL_Driver/Src/stm32wbxx_hal_pwr.o
 .text.LL_EXTI_DisableIT_0_31
                0x00000000080017d8       0x2c ./Drivers/STM32WBxx_HAL_Driver/Src/stm32wbxx_hal_pwr.o
 .text.LL_C2_EXTI_DisableIT_0_31
                0x0000000008001804       0x2c ./Drivers/STM32WBxx_HAL_Driver/Src/stm32wbxx_hal_pwr.o
 .text.LL_EXTI_EnableRisingTrig_0_31
                0x0000000008001830       0x24 ./Drivers/STM32WBxx_HAL_Driver/Src/stm32wbxx_hal_pwr.o
 .text.LL_EXTI_DisableRisingTrig_0_31
                0x0000000008001854       0x28 ./Drivers/STM32WBxx_HAL_Driver/Src/stm32wbxx_hal_pwr.o
 .text.LL_EXTI_EnableFallingTrig_0_31
                0x000000000800187c       0x24 ./Drivers/STM32WBxx_HAL_Driver/Src/stm32wbxx_hal_pwr.o
 .text.LL_EXTI_DisableFallingTrig_0_31
                0x00000000080018a0       0x28 ./Drivers/STM32WBxx_HAL_Driver/Src/stm32wbxx_hal_pwr.o
 .text.HAL_PWR_EnableBkUpAccess
                0x00000000080018c8       0x20 ./Drivers/STM32WBxx_HAL_Driver/Src/stm32wbxx_hal_pwr.o
                0x00000000080018c8                HAL_PWR_EnableBkUpAccess
 .text.HAL_PWR_ConfigPVD
                0x00000000080018e8       0x84 ./Drivers/STM32WBxx_HAL_Driver/Src/stm32wbxx_hal_pwr.o
                0x00000000080018e8                HAL_PWR_ConfigPVD
 .text.HAL_PWR_EnablePVD
                0x000000000800196c       0x20 ./Drivers/STM32WBxx_HAL_Driver/Src/stm32wbxx_hal_pwr.o
                0x000000000800196c                HAL_PWR_EnablePVD
 .text.HAL_PWREx_GetVoltageRange
                0x000000000800198c       0x1c ./Drivers/STM32WBxx_HAL_Driver/Src/stm32wbxx_hal_pwr_ex.o
                0x000000000800198c                HAL_PWREx_GetVoltageRange
 .text.LL_RCC_HSE_IsEnabledDiv2
                0x00000000080019a8       0x24 ./Drivers/STM32WBxx_HAL_Driver/Src/stm32wbxx_hal_rcc.o
 .text.LL_RCC_HSE_Enable
                0x00000000080019cc       0x1e ./Drivers/STM32WBxx_HAL_Driver/Src/stm32wbxx_hal_rcc.o
 .text.LL_RCC_HSE_Disable
                0x00000000080019ea       0x1e ./Drivers/STM32WBxx_HAL_Driver/Src/stm32wbxx_hal_rcc.o
 .text.LL_RCC_HSE_IsReady
                0x0000000008001a08       0x24 ./Drivers/STM32WBxx_HAL_Driver/Src/stm32wbxx_hal_rcc.o
 .text.LL_RCC_HSI_Enable
                0x0000000008001a2c       0x1e ./Drivers/STM32WBxx_HAL_Driver/Src/stm32wbxx_hal_rcc.o
 .text.LL_RCC_HSI_Disable
                0x0000000008001a4a       0x1e ./Drivers/STM32WBxx_HAL_Driver/Src/stm32wbxx_hal_rcc.o
 .text.LL_RCC_HSI_IsReady
                0x0000000008001a68       0x24 ./Drivers/STM32WBxx_HAL_Driver/Src/stm32wbxx_hal_rcc.o
 .text.LL_RCC_HSI_SetCalibTrimming
                0x0000000008001a8c       0x2a ./Drivers/STM32WBxx_HAL_Driver/Src/stm32wbxx_hal_rcc.o
 .text.LL_RCC_HSI48_Enable
                0x0000000008001ab6       0x22 ./Drivers/STM32WBxx_HAL_Driver/Src/stm32wbxx_hal_rcc.o
 .text.LL_RCC_HSI48_Disable
                0x0000000008001ad8       0x22 ./Drivers/STM32WBxx_HAL_Driver/Src/stm32wbxx_hal_rcc.o
 .text.LL_RCC_HSI48_IsReady
                0x0000000008001afa       0x24 ./Drivers/STM32WBxx_HAL_Driver/Src/stm32wbxx_hal_rcc.o
 .text.LL_RCC_LSE_Enable
                0x0000000008001b1e       0x22 ./Drivers/STM32WBxx_HAL_Driver/Src/stm32wbxx_hal_rcc.o
 .text.LL_RCC_LSE_Disable
                0x0000000008001b40       0x22 ./Drivers/STM32WBxx_HAL_Driver/Src/stm32wbxx_hal_rcc.o
 .text.LL_RCC_LSE_EnableBypass
                0x0000000008001b62       0x22 ./Drivers/STM32WBxx_HAL_Driver/Src/stm32wbxx_hal_rcc.o
 .text.LL_RCC_LSE_DisableBypass
                0x0000000008001b84       0x22 ./Drivers/STM32WBxx_HAL_Driver/Src/stm32wbxx_hal_rcc.o
 .text.LL_RCC_LSE_IsReady
                0x0000000008001ba6       0x24 ./Drivers/STM32WBxx_HAL_Driver/Src/stm32wbxx_hal_rcc.o
 .text.LL_RCC_LSI1_Enable
                0x0000000008001bca       0x22 ./Drivers/STM32WBxx_HAL_Driver/Src/stm32wbxx_hal_rcc.o
 .text.LL_RCC_LSI1_Disable
                0x0000000008001bec       0x22 ./Drivers/STM32WBxx_HAL_Driver/Src/stm32wbxx_hal_rcc.o
 .text.LL_RCC_LSI1_IsReady
                0x0000000008001c0e       0x24 ./Drivers/STM32WBxx_HAL_Driver/Src/stm32wbxx_hal_rcc.o
 .text.LL_RCC_LSI2_Enable
                0x0000000008001c32       0x22 ./Drivers/STM32WBxx_HAL_Driver/Src/stm32wbxx_hal_rcc.o
 .text.LL_RCC_LSI2_Disable
                0x0000000008001c54       0x22 ./Drivers/STM32WBxx_HAL_Driver/Src/stm32wbxx_hal_rcc.o
 .text.LL_RCC_LSI2_IsReady
                0x0000000008001c76       0x24 ./Drivers/STM32WBxx_HAL_Driver/Src/stm32wbxx_hal_rcc.o
 .text.LL_RCC_LSI2_SetTrimming
                0x0000000008001c9a       0x2e ./Drivers/STM32WBxx_HAL_Driver/Src/stm32wbxx_hal_rcc.o
 .text.LL_RCC_MSI_Enable
                0x0000000008001cc8       0x1e ./Drivers/STM32WBxx_HAL_Driver/Src/stm32wbxx_hal_rcc.o
 .text.LL_RCC_MSI_Disable
                0x0000000008001ce6       0x1e ./Drivers/STM32WBxx_HAL_Driver/Src/stm32wbxx_hal_rcc.o
 .text.LL_RCC_MSI_IsReady
                0x0000000008001d04       0x22 ./Drivers/STM32WBxx_HAL_Driver/Src/stm32wbxx_hal_rcc.o
 .text.LL_RCC_MSI_SetRange
                0x0000000008001d26       0x28 ./Drivers/STM32WBxx_HAL_Driver/Src/stm32wbxx_hal_rcc.o
 .text.LL_RCC_MSI_GetRange
                0x0000000008001d4e       0x2a ./Drivers/STM32WBxx_HAL_Driver/Src/stm32wbxx_hal_rcc.o
 .text.LL_RCC_MSI_SetCalibTrimming
                0x0000000008001d78       0x2a ./Drivers/STM32WBxx_HAL_Driver/Src/stm32wbxx_hal_rcc.o
 .text.LL_RCC_SetSysClkSource
                0x0000000008001da2       0x28 ./Drivers/STM32WBxx_HAL_Driver/Src/stm32wbxx_hal_rcc.o
 .text.LL_RCC_GetSysClkSource
                0x0000000008001dca       0x18 ./Drivers/STM32WBxx_HAL_Driver/Src/stm32wbxx_hal_rcc.o
 .text.LL_RCC_SetAHBPrescaler
                0x0000000008001de2       0x28 ./Drivers/STM32WBxx_HAL_Driver/Src/stm32wbxx_hal_rcc.o
 .text.LL_C2_RCC_SetAHBPrescaler
                0x0000000008001e0a       0x2c ./Drivers/STM32WBxx_HAL_Driver/Src/stm32wbxx_hal_rcc.o
 .text.LL_RCC_SetAHB4Prescaler
                0x0000000008001e36       0x2e ./Drivers/STM32WBxx_HAL_Driver/Src/stm32wbxx_hal_rcc.o
 .text.LL_RCC_SetAPB1Prescaler
                0x0000000008001e64       0x28 ./Drivers/STM32WBxx_HAL_Driver/Src/stm32wbxx_hal_rcc.o
 .text.LL_RCC_SetAPB2Prescaler
                0x0000000008001e8c       0x28 ./Drivers/STM32WBxx_HAL_Driver/Src/stm32wbxx_hal_rcc.o
 .text.LL_RCC_GetAHBPrescaler
                0x0000000008001eb4       0x18 ./Drivers/STM32WBxx_HAL_Driver/Src/stm32wbxx_hal_rcc.o
 .text.LL_C2_RCC_GetAHBPrescaler
                0x0000000008001ecc       0x1a ./Drivers/STM32WBxx_HAL_Driver/Src/stm32wbxx_hal_rcc.o
 .text.LL_RCC_GetAHB4Prescaler
                0x0000000008001ee6       0x1c ./Drivers/STM32WBxx_HAL_Driver/Src/stm32wbxx_hal_rcc.o
 .text.LL_RCC_GetAPB1Prescaler
                0x0000000008001f02       0x18 ./Drivers/STM32WBxx_HAL_Driver/Src/stm32wbxx_hal_rcc.o
 .text.LL_RCC_GetAPB2Prescaler
                0x0000000008001f1a       0x18 ./Drivers/STM32WBxx_HAL_Driver/Src/stm32wbxx_hal_rcc.o
 .text.LL_RCC_PLL_Enable
                0x0000000008001f32       0x1e ./Drivers/STM32WBxx_HAL_Driver/Src/stm32wbxx_hal_rcc.o
 .text.LL_RCC_PLL_Disable
                0x0000000008001f50       0x1e ./Drivers/STM32WBxx_HAL_Driver/Src/stm32wbxx_hal_rcc.o
 .text.LL_RCC_PLL_IsReady
                0x0000000008001f6e       0x24 ./Drivers/STM32WBxx_HAL_Driver/Src/stm32wbxx_hal_rcc.o
 .text.LL_RCC_PLL_GetN
                0x0000000008001f92       0x1a ./Drivers/STM32WBxx_HAL_Driver/Src/stm32wbxx_hal_rcc.o
 .text.LL_RCC_PLL_GetR
                0x0000000008001fac       0x18 ./Drivers/STM32WBxx_HAL_Driver/Src/stm32wbxx_hal_rcc.o
 .text.LL_RCC_PLL_GetDivider
                0x0000000008001fc4       0x18 ./Drivers/STM32WBxx_HAL_Driver/Src/stm32wbxx_hal_rcc.o
 .text.LL_RCC_PLL_GetMainSource
                0x0000000008001fdc       0x18 ./Drivers/STM32WBxx_HAL_Driver/Src/stm32wbxx_hal_rcc.o
 .text.LL_RCC_IsActiveFlag_HPRE
                0x0000000008001ff4       0x24 ./Drivers/STM32WBxx_HAL_Driver/Src/stm32wbxx_hal_rcc.o
 .text.LL_RCC_IsActiveFlag_C2HPRE
                0x0000000008002018       0x26 ./Drivers/STM32WBxx_HAL_Driver/Src/stm32wbxx_hal_rcc.o
 .text.LL_RCC_IsActiveFlag_SHDHPRE
                0x000000000800203e       0x26 ./Drivers/STM32WBxx_HAL_Driver/Src/stm32wbxx_hal_rcc.o
 .text.LL_RCC_IsActiveFlag_PPRE1
                0x0000000008002064       0x24 ./Drivers/STM32WBxx_HAL_Driver/Src/stm32wbxx_hal_rcc.o
 .text.LL_RCC_IsActiveFlag_PPRE2
                0x0000000008002088       0x24 ./Drivers/STM32WBxx_HAL_Driver/Src/stm32wbxx_hal_rcc.o
 .text.HAL_RCC_OscConfig
                0x00000000080020ac      0x6e8 ./Drivers/STM32WBxx_HAL_Driver/Src/stm32wbxx_hal_rcc.o
                0x00000000080020ac                HAL_RCC_OscConfig
 .text.HAL_RCC_ClockConfig
                0x0000000008002794      0x280 ./Drivers/STM32WBxx_HAL_Driver/Src/stm32wbxx_hal_rcc.o
                0x0000000008002794                HAL_RCC_ClockConfig
 .text.HAL_RCC_GetSysClockFreq
                0x0000000008002a14       0xd8 ./Drivers/STM32WBxx_HAL_Driver/Src/stm32wbxx_hal_rcc.o
                0x0000000008002a14                HAL_RCC_GetSysClockFreq
 .text.HAL_RCC_GetHCLKFreq
                0x0000000008002aec       0x28 ./Drivers/STM32WBxx_HAL_Driver/Src/stm32wbxx_hal_rcc.o
                0x0000000008002aec                HAL_RCC_GetHCLKFreq
 .text.HAL_RCC_GetPCLK1Freq
                0x0000000008002b14       0x2c ./Drivers/STM32WBxx_HAL_Driver/Src/stm32wbxx_hal_rcc.o
                0x0000000008002b14                HAL_RCC_GetPCLK1Freq
 .text.HAL_RCC_GetPCLK2Freq
                0x0000000008002b40       0x2c ./Drivers/STM32WBxx_HAL_Driver/Src/stm32wbxx_hal_rcc.o
                0x0000000008002b40                HAL_RCC_GetPCLK2Freq
 .text.HAL_RCC_GetClockConfig
                0x0000000008002b6c       0x64 ./Drivers/STM32WBxx_HAL_Driver/Src/stm32wbxx_hal_rcc.o
                0x0000000008002b6c                HAL_RCC_GetClockConfig
 .text.RCC_SetFlashLatencyFromMSIRange
                0x0000000008002bd0       0x70 ./Drivers/STM32WBxx_HAL_Driver/Src/stm32wbxx_hal_rcc.o
 .text.RCC_SetFlashLatency
                0x0000000008002c40       0xf8 ./Drivers/STM32WBxx_HAL_Driver/Src/stm32wbxx_hal_rcc.o
 .text.LL_RCC_LSE_IsEnabled
                0x0000000008002d38       0x24 ./Drivers/STM32WBxx_HAL_Driver/Src/stm32wbxx_hal_rcc_ex.o
 .text.LL_RCC_LSE_IsReady
                0x0000000008002d5c       0x24 ./Drivers/STM32WBxx_HAL_Driver/Src/stm32wbxx_hal_rcc_ex.o
 .text.LL_RCC_MSI_EnablePLLMode
                0x0000000008002d80       0x1e ./Drivers/STM32WBxx_HAL_Driver/Src/stm32wbxx_hal_rcc_ex.o
 .text.LL_RCC_SetRFWKPClockSource
                0x0000000008002d9e       0x2c ./Drivers/STM32WBxx_HAL_Driver/Src/stm32wbxx_hal_rcc_ex.o
 .text.LL_RCC_SetSMPSClockSource
                0x0000000008002dca       0x28 ./Drivers/STM32WBxx_HAL_Driver/Src/stm32wbxx_hal_rcc_ex.o
 .text.LL_RCC_SetSMPSPrescaler
                0x0000000008002df2       0x28 ./Drivers/STM32WBxx_HAL_Driver/Src/stm32wbxx_hal_rcc_ex.o
 .text.LL_RCC_SetUSARTClockSource
                0x0000000008002e1a       0x2c ./Drivers/STM32WBxx_HAL_Driver/Src/stm32wbxx_hal_rcc_ex.o
 .text.LL_RCC_SetLPUARTClockSource
                0x0000000008002e46       0x2c ./Drivers/STM32WBxx_HAL_Driver/Src/stm32wbxx_hal_rcc_ex.o
 .text.LL_RCC_SetI2CClockSource
                0x0000000008002e72       0x3a ./Drivers/STM32WBxx_HAL_Driver/Src/stm32wbxx_hal_rcc_ex.o
 .text.LL_RCC_SetLPTIMClockSource
                0x0000000008002eac       0x34 ./Drivers/STM32WBxx_HAL_Driver/Src/stm32wbxx_hal_rcc_ex.o
 .text.LL_RCC_SetSAIClockSource
                0x0000000008002ee0       0x2c ./Drivers/STM32WBxx_HAL_Driver/Src/stm32wbxx_hal_rcc_ex.o
 .text.LL_RCC_SetRNGClockSource
                0x0000000008002f0c       0x2c ./Drivers/STM32WBxx_HAL_Driver/Src/stm32wbxx_hal_rcc_ex.o
 .text.LL_RCC_SetCLK48ClockSource
                0x0000000008002f38       0x2c ./Drivers/STM32WBxx_HAL_Driver/Src/stm32wbxx_hal_rcc_ex.o
 .text.LL_RCC_SetUSBClockSource
                0x0000000008002f64       0x16 ./Drivers/STM32WBxx_HAL_Driver/Src/stm32wbxx_hal_rcc_ex.o
 .text.LL_RCC_SetADCClockSource
                0x0000000008002f7a       0x2c ./Drivers/STM32WBxx_HAL_Driver/Src/stm32wbxx_hal_rcc_ex.o
 .text.LL_RCC_SetRTCClockSource
                0x0000000008002fa6       0x2c ./Drivers/STM32WBxx_HAL_Driver/Src/stm32wbxx_hal_rcc_ex.o
 .text.LL_RCC_GetRTCClockSource
                0x0000000008002fd2       0x1a ./Drivers/STM32WBxx_HAL_Driver/Src/stm32wbxx_hal_rcc_ex.o
 .text.LL_RCC_ForceBackupDomainReset
                0x0000000008002fec       0x22 ./Drivers/STM32WBxx_HAL_Driver/Src/stm32wbxx_hal_rcc_ex.o
 .text.LL_RCC_ReleaseBackupDomainReset
                0x000000000800300e       0x22 ./Drivers/STM32WBxx_HAL_Driver/Src/stm32wbxx_hal_rcc_ex.o
 .text.LL_RCC_PLLSAI1_Enable
                0x0000000008003030       0x1e ./Drivers/STM32WBxx_HAL_Driver/Src/stm32wbxx_hal_rcc_ex.o
 .text.LL_RCC_PLLSAI1_Disable
                0x000000000800304e       0x1e ./Drivers/STM32WBxx_HAL_Driver/Src/stm32wbxx_hal_rcc_ex.o
 .text.LL_RCC_PLLSAI1_IsReady
                0x000000000800306c       0x24 ./Drivers/STM32WBxx_HAL_Driver/Src/stm32wbxx_hal_rcc_ex.o
 .text.HAL_RCCEx_PeriphCLKConfig
                0x0000000008003090      0x2ec ./Drivers/STM32WBxx_HAL_Driver/Src/stm32wbxx_hal_rcc_ex.o
                0x0000000008003090                HAL_RCCEx_PeriphCLKConfig
 .text.HAL_RCCEx_EnableMSIPLLMode
                0x000000000800337c        0xc ./Drivers/STM32WBxx_HAL_Driver/Src/stm32wbxx_hal_rcc_ex.o
                0x000000000800337c                HAL_RCCEx_EnableMSIPLLMode
 .text.RCCEx_PLLSAI1_ConfigNP
                0x0000000008003388       0xb6 ./Drivers/STM32WBxx_HAL_Driver/Src/stm32wbxx_hal_rcc_ex.o
 .text.RCCEx_PLLSAI1_ConfigNQ
                0x000000000800343e       0xb6 ./Drivers/STM32WBxx_HAL_Driver/Src/stm32wbxx_hal_rcc_ex.o
 .text.RCCEx_PLLSAI1_ConfigNR
                0x00000000080034f4       0xb6 ./Drivers/STM32WBxx_HAL_Driver/Src/stm32wbxx_hal_rcc_ex.o
 .text.HAL_TIM_Base_Init
                0x00000000080035aa       0xae ./Drivers/STM32WBxx_HAL_Driver/Src/stm32wbxx_hal_tim.o
                0x00000000080035aa                HAL_TIM_Base_Init
 .text.HAL_TIM_Base_MspInit
                0x0000000008003658       0x14 ./Drivers/STM32WBxx_HAL_Driver/Src/stm32wbxx_hal_tim.o
                0x0000000008003658                HAL_TIM_Base_MspInit
 .text.HAL_TIM_Base_Start_IT
                0x000000000800366c       0x9c ./Drivers/STM32WBxx_HAL_Driver/Src/stm32wbxx_hal_tim.o
                0x000000000800366c                HAL_TIM_Base_Start_IT
 .text.HAL_TIM_IRQHandler
                0x0000000008003708      0x23e ./Drivers/STM32WBxx_HAL_Driver/Src/stm32wbxx_hal_tim.o
                0x0000000008003708                HAL_TIM_IRQHandler
 .text.HAL_TIM_OC_DelayElapsedCallback
                0x0000000008003946       0x14 ./Drivers/STM32WBxx_HAL_Driver/Src/stm32wbxx_hal_tim.o
                0x0000000008003946                HAL_TIM_OC_DelayElapsedCallback
 .text.HAL_TIM_IC_CaptureCallback
                0x000000000800395a       0x14 ./Drivers/STM32WBxx_HAL_Driver/Src/stm32wbxx_hal_tim.o
                0x000000000800395a                HAL_TIM_IC_CaptureCallback
 .text.HAL_TIM_PWM_PulseFinishedCallback
                0x000000000800396e       0x14 ./Drivers/STM32WBxx_HAL_Driver/Src/stm32wbxx_hal_tim.o
                0x000000000800396e                HAL_TIM_PWM_PulseFinishedCallback
 .text.HAL_TIM_TriggerCallback
                0x0000000008003982       0x14 ./Drivers/STM32WBxx_HAL_Driver/Src/stm32wbxx_hal_tim.o
                0x0000000008003982                HAL_TIM_TriggerCallback
 *fill*         0x0000000008003996        0x2 
 .text.TIM_Base_SetConfig
                0x0000000008003998       0xc8 ./Drivers/STM32WBxx_HAL_Driver/Src/stm32wbxx_hal_tim.o
                0x0000000008003998                TIM_Base_SetConfig
 .text.HAL_TIMEx_CommutCallback
                0x0000000008003a60       0x14 ./Drivers/STM32WBxx_HAL_Driver/Src/stm32wbxx_hal_tim_ex.o
                0x0000000008003a60                HAL_TIMEx_CommutCallback
 .text.HAL_TIMEx_BreakCallback
                0x0000000008003a74       0x14 ./Drivers/STM32WBxx_HAL_Driver/Src/stm32wbxx_hal_tim_ex.o
                0x0000000008003a74                HAL_TIMEx_BreakCallback
 .text.HAL_TIMEx_Break2Callback
                0x0000000008003a88       0x14 ./Drivers/STM32WBxx_HAL_Driver/Src/stm32wbxx_hal_tim_ex.o
                0x0000000008003a88                HAL_TIMEx_Break2Callback
 .text.LL_RCC_GetUSARTClockSource
                0x0000000008003a9c       0x20 ./Drivers/STM32WBxx_HAL_Driver/Src/stm32wbxx_hal_uart.o
 .text.LL_RCC_GetLPUARTClockSource
                0x0000000008003abc       0x20 ./Drivers/STM32WBxx_HAL_Driver/Src/stm32wbxx_hal_uart.o
 .text.HAL_UART_Init
                0x0000000008003adc       0xa0 ./Drivers/STM32WBxx_HAL_Driver/Src/stm32wbxx_hal_uart.o
                0x0000000008003adc                HAL_UART_Init
 .text.UART_SetConfig
                0x0000000008003b7c      0x44c ./Drivers/STM32WBxx_HAL_Driver/Src/stm32wbxx_hal_uart.o
                0x0000000008003b7c                UART_SetConfig
 .text.UART_AdvFeatureConfig
                0x0000000008003fc8      0x144 ./Drivers/STM32WBxx_HAL_Driver/Src/stm32wbxx_hal_uart.o
                0x0000000008003fc8                UART_AdvFeatureConfig
 .text.UART_CheckIdleState
                0x000000000800410c       0x96 ./Drivers/STM32WBxx_HAL_Driver/Src/stm32wbxx_hal_uart.o
                0x000000000800410c                UART_CheckIdleState
 .text.UART_WaitOnFlagUntilTimeout
                0x00000000080041a2      0x190 ./Drivers/STM32WBxx_HAL_Driver/Src/stm32wbxx_hal_uart.o
                0x00000000080041a2                UART_WaitOnFlagUntilTimeout
 .text.HAL_UARTEx_DisableFifoMode
                0x0000000008004332       0x72 ./Drivers/STM32WBxx_HAL_Driver/Src/stm32wbxx_hal_uart_ex.o
                0x0000000008004332                HAL_UARTEx_DisableFifoMode
 .text.HAL_UARTEx_SetTxFifoThreshold
                0x00000000080043a4       0x7c ./Drivers/STM32WBxx_HAL_Driver/Src/stm32wbxx_hal_uart_ex.o
                0x00000000080043a4                HAL_UARTEx_SetTxFifoThreshold
 .text.HAL_UARTEx_SetRxFifoThreshold
                0x0000000008004420       0x7c ./Drivers/STM32WBxx_HAL_Driver/Src/stm32wbxx_hal_uart_ex.o
                0x0000000008004420                HAL_UARTEx_SetRxFifoThreshold
 .text.UARTEx_SetNbDataToProcess
                0x000000000800449c       0x9c ./Drivers/STM32WBxx_HAL_Driver/Src/stm32wbxx_hal_uart_ex.o
 .text.USB_DisableGlobalInt
                0x0000000008004538       0x36 ./Drivers/STM32WBxx_HAL_Driver/Src/stm32wbxx_ll_usb.o
                0x0000000008004538                USB_DisableGlobalInt
 .text.USB_DevInit
                0x000000000800456e       0x42 ./Drivers/STM32WBxx_HAL_Driver/Src/stm32wbxx_ll_usb.o
                0x000000000800456e                USB_DevInit
 .text.__NVIC_SetPriority
                0x00000000080045b0       0x54 ./Middlewares/Third_Party/FreeRTOS/Source/CMSIS_RTOS_V2/cmsis_os2.o
 .text.SysTick_Handler
                0x0000000008004604       0x20 ./Middlewares/Third_Party/FreeRTOS/Source/CMSIS_RTOS_V2/cmsis_os2.o
                0x0000000008004604                SysTick_Handler
 .text.SVC_Setup
                0x0000000008004624       0x12 ./Middlewares/Third_Party/FreeRTOS/Source/CMSIS_RTOS_V2/cmsis_os2.o
 *fill*         0x0000000008004636        0x2 
 .text.osKernelInitialize
                0x0000000008004638       0x48 ./Middlewares/Third_Party/FreeRTOS/Source/CMSIS_RTOS_V2/cmsis_os2.o
                0x0000000008004638                osKernelInitialize
 .text.osKernelStart
                0x0000000008004680       0x4c ./Middlewares/Third_Party/FreeRTOS/Source/CMSIS_RTOS_V2/cmsis_os2.o
                0x0000000008004680                osKernelStart
 .text.osThreadNew
                0x00000000080046cc      0x124 ./Middlewares/Third_Party/FreeRTOS/Source/CMSIS_RTOS_V2/cmsis_os2.o
                0x00000000080046cc                osThreadNew
 .text.osDelay  0x00000000080047f0       0x36 ./Middlewares/Third_Party/FreeRTOS/Source/CMSIS_RTOS_V2/cmsis_os2.o
                0x00000000080047f0                osDelay
 .text.TimerCallback
                0x0000000008004826       0x2a ./Middlewares/Third_Party/FreeRTOS/Source/CMSIS_RTOS_V2/cmsis_os2.o
 .text.osTimerNew
                0x0000000008004850       0xf8 ./Middlewares/Third_Party/FreeRTOS/Source/CMSIS_RTOS_V2/cmsis_os2.o
                0x0000000008004850                osTimerNew
 .text.osTimerStart
                0x0000000008004948       0x5c ./Middlewares/Third_Party/FreeRTOS/Source/CMSIS_RTOS_V2/cmsis_os2.o
                0x0000000008004948                osTimerStart
 .text.osMutexNew
                0x00000000080049a4      0x10c ./Middlewares/Third_Party/FreeRTOS/Source/CMSIS_RTOS_V2/cmsis_os2.o
                0x00000000080049a4                osMutexNew
 .text.osMutexAcquire
                0x0000000008004ab0       0x96 ./Middlewares/Third_Party/FreeRTOS/Source/CMSIS_RTOS_V2/cmsis_os2.o
                0x0000000008004ab0                osMutexAcquire
 .text.osMutexRelease
                0x0000000008004b46       0x7a ./Middlewares/Third_Party/FreeRTOS/Source/CMSIS_RTOS_V2/cmsis_os2.o
                0x0000000008004b46                osMutexRelease
 .text.vApplicationGetIdleTaskMemory
                0x0000000008004bc0       0x34 ./Middlewares/Third_Party/FreeRTOS/Source/CMSIS_RTOS_V2/cmsis_os2.o
                0x0000000008004bc0                vApplicationGetIdleTaskMemory
 .text.vApplicationGetTimerTaskMemory
                0x0000000008004bf4       0x34 ./Middlewares/Third_Party/FreeRTOS/Source/CMSIS_RTOS_V2/cmsis_os2.o
                0x0000000008004bf4                vApplicationGetTimerTaskMemory
 .text.vListInitialise
                0x0000000008004c28       0x40 ./Middlewares/Third_Party/FreeRTOS/Source/list.o
                0x0000000008004c28                vListInitialise
 .text.vListInitialiseItem
                0x0000000008004c68       0x1a ./Middlewares/Third_Party/FreeRTOS/Source/list.o
                0x0000000008004c68                vListInitialiseItem
 .text.vListInsertEnd
                0x0000000008004c82       0x48 ./Middlewares/Third_Party/FreeRTOS/Source/list.o
                0x0000000008004c82                vListInsertEnd
 .text.vListInsert
                0x0000000008004cca       0x72 ./Middlewares/Third_Party/FreeRTOS/Source/list.o
                0x0000000008004cca                vListInsert
 .text.uxListRemove
                0x0000000008004d3c       0x54 ./Middlewares/Third_Party/FreeRTOS/Source/list.o
                0x0000000008004d3c                uxListRemove
 .text.xQueueGenericReset
                0x0000000008004d90       0xd0 ./Middlewares/Third_Party/FreeRTOS/Source/queue.o
                0x0000000008004d90                xQueueGenericReset
 .text.xQueueGenericCreateStatic
                0x0000000008004e60       0xf0 ./Middlewares/Third_Party/FreeRTOS/Source/queue.o
                0x0000000008004e60                xQueueGenericCreateStatic
 .text.xQueueGenericCreate
                0x0000000008004f50       0x74 ./Middlewares/Third_Party/FreeRTOS/Source/queue.o
                0x0000000008004f50                xQueueGenericCreate
 .text.prvInitialiseNewQueue
                0x0000000008004fc4       0x46 ./Middlewares/Third_Party/FreeRTOS/Source/queue.o
 .text.prvInitialiseMutex
                0x000000000800500a       0x34 ./Middlewares/Third_Party/FreeRTOS/Source/queue.o
 .text.xQueueCreateMutex
                0x000000000800503e       0x30 ./Middlewares/Third_Party/FreeRTOS/Source/queue.o
                0x000000000800503e                xQueueCreateMutex
 .text.xQueueCreateMutexStatic
                0x000000000800506e       0x36 ./Middlewares/Third_Party/FreeRTOS/Source/queue.o
                0x000000000800506e                xQueueCreateMutexStatic
 .text.xQueueGiveMutexRecursive
                0x00000000080050a4       0x68 ./Middlewares/Third_Party/FreeRTOS/Source/queue.o
                0x00000000080050a4                xQueueGiveMutexRecursive
 .text.xQueueTakeMutexRecursive
                0x000000000800510c       0x6c ./Middlewares/Third_Party/FreeRTOS/Source/queue.o
                0x000000000800510c                xQueueTakeMutexRecursive
 .text.xQueueGenericSend
                0x0000000008005178      0x1fc ./Middlewares/Third_Party/FreeRTOS/Source/queue.o
                0x0000000008005178                xQueueGenericSend
 .text.xQueueGenericSendFromISR
                0x0000000008005374      0x136 ./Middlewares/Third_Party/FreeRTOS/Source/queue.o
                0x0000000008005374                xQueueGenericSendFromISR
 *fill*         0x00000000080054aa        0x2 
 .text.xQueueReceive
                0x00000000080054ac      0x1c0 ./Middlewares/Third_Party/FreeRTOS/Source/queue.o
                0x00000000080054ac                xQueueReceive
 .text.xQueueSemaphoreTake
                0x000000000800566c      0x218 ./Middlewares/Third_Party/FreeRTOS/Source/queue.o
                0x000000000800566c                xQueueSemaphoreTake
 .text.prvGetDisinheritPriorityAfterTimeout
                0x0000000008005884       0x30 ./Middlewares/Third_Party/FreeRTOS/Source/queue.o
 .text.prvCopyDataToQueue
                0x00000000080058b4       0xd4 ./Middlewares/Third_Party/FreeRTOS/Source/queue.o
 .text.prvCopyDataFromQueue
                0x0000000008005988       0x4c ./Middlewares/Third_Party/FreeRTOS/Source/queue.o
 .text.prvUnlockQueue
                0x00000000080059d4       0xa4 ./Middlewares/Third_Party/FreeRTOS/Source/queue.o
 .text.prvIsQueueEmpty
                0x0000000008005a78       0x2c ./Middlewares/Third_Party/FreeRTOS/Source/queue.o
 .text.prvIsQueueFull
                0x0000000008005aa4       0x30 ./Middlewares/Third_Party/FreeRTOS/Source/queue.o
 .text.vQueueAddToRegistry
                0x0000000008005ad4       0x54 ./Middlewares/Third_Party/FreeRTOS/Source/queue.o
                0x0000000008005ad4                vQueueAddToRegistry
 .text.vQueueWaitForMessageRestricted
                0x0000000008005b28       0x68 ./Middlewares/Third_Party/FreeRTOS/Source/queue.o
                0x0000000008005b28                vQueueWaitForMessageRestricted
 .text.xTaskCreateStatic
                0x0000000008005b90       0xba ./Middlewares/Third_Party/FreeRTOS/Source/tasks.o
                0x0000000008005b90                xTaskCreateStatic
 .text.xTaskCreate
                0x0000000008005c4a       0x8a ./Middlewares/Third_Party/FreeRTOS/Source/tasks.o
                0x0000000008005c4a                xTaskCreate
 .text.prvInitialiseNewTask
                0x0000000008005cd4      0x14c ./Middlewares/Third_Party/FreeRTOS/Source/tasks.o
 .text.prvAddNewTaskToReadyList
                0x0000000008005e20       0xe0 ./Middlewares/Third_Party/FreeRTOS/Source/tasks.o
 .text.vTaskDelay
                0x0000000008005f00       0x68 ./Middlewares/Third_Party/FreeRTOS/Source/tasks.o
                0x0000000008005f00                vTaskDelay
 .text.vTaskStartScheduler
                0x0000000008005f68       0xe0 ./Middlewares/Third_Party/FreeRTOS/Source/tasks.o
                0x0000000008005f68                vTaskStartScheduler
 .text.vTaskSuspendAll
                0x0000000008006048       0x1c ./Middlewares/Third_Party/FreeRTOS/Source/tasks.o
                0x0000000008006048                vTaskSuspendAll
 .text.xTaskResumeAll
                0x0000000008006064      0x13c ./Middlewares/Third_Party/FreeRTOS/Source/tasks.o
                0x0000000008006064                xTaskResumeAll
 .text.xTaskGetTickCount
                0x00000000080061a0       0x20 ./Middlewares/Third_Party/FreeRTOS/Source/tasks.o
                0x00000000080061a0                xTaskGetTickCount
 .text.xTaskIncrementTick
                0x00000000080061c0      0x174 ./Middlewares/Third_Party/FreeRTOS/Source/tasks.o
                0x00000000080061c0                xTaskIncrementTick
 .text.vTaskSwitchContext
                0x0000000008006334       0xc8 ./Middlewares/Third_Party/FreeRTOS/Source/tasks.o
                0x0000000008006334                vTaskSwitchContext
 .text.vTaskPlaceOnEventList
                0x00000000080063fc       0x48 ./Middlewares/Third_Party/FreeRTOS/Source/tasks.o
                0x00000000080063fc                vTaskPlaceOnEventList
 .text.vTaskPlaceOnEventListRestricted
                0x0000000008006444       0x58 ./Middlewares/Third_Party/FreeRTOS/Source/tasks.o
                0x0000000008006444                vTaskPlaceOnEventListRestricted
 .text.xTaskRemoveFromEventList
                0x000000000800649c       0xc8 ./Middlewares/Third_Party/FreeRTOS/Source/tasks.o
                0x000000000800649c                xTaskRemoveFromEventList
 .text.vTaskInternalSetTimeOutState
                0x0000000008006564       0x2c ./Middlewares/Third_Party/FreeRTOS/Source/tasks.o
                0x0000000008006564                vTaskInternalSetTimeOutState
 .text.xTaskCheckForTimeOut
                0x0000000008006590       0xc4 ./Middlewares/Third_Party/FreeRTOS/Source/tasks.o
                0x0000000008006590                xTaskCheckForTimeOut
 .text.vTaskMissedYield
                0x0000000008006654       0x18 ./Middlewares/Third_Party/FreeRTOS/Source/tasks.o
                0x0000000008006654                vTaskMissedYield
 .text.prvIdleTask
                0x000000000800666c       0x30 ./Middlewares/Third_Party/FreeRTOS/Source/tasks.o
 .text.prvInitialiseTaskLists
                0x000000000800669c       0x80 ./Middlewares/Third_Party/FreeRTOS/Source/tasks.o
 .text.prvCheckTasksWaitingTermination
                0x000000000800671c       0x5c ./Middlewares/Third_Party/FreeRTOS/Source/tasks.o
 .text.prvDeleteTCB
                0x0000000008006778       0x68 ./Middlewares/Third_Party/FreeRTOS/Source/tasks.o
 .text.prvResetNextTaskUnblockTime
                0x00000000080067e0       0x40 ./Middlewares/Third_Party/FreeRTOS/Source/tasks.o
 .text.xTaskGetCurrentTaskHandle
                0x0000000008006820       0x20 ./Middlewares/Third_Party/FreeRTOS/Source/tasks.o
                0x0000000008006820                xTaskGetCurrentTaskHandle
 .text.xTaskGetSchedulerState
                0x0000000008006840       0x3c ./Middlewares/Third_Party/FreeRTOS/Source/tasks.o
                0x0000000008006840                xTaskGetSchedulerState
 .text.xTaskPriorityInherit
                0x000000000800687c       0xd0 ./Middlewares/Third_Party/FreeRTOS/Source/tasks.o
                0x000000000800687c                xTaskPriorityInherit
 .text.xTaskPriorityDisinherit
                0x000000000800694c       0xdc ./Middlewares/Third_Party/FreeRTOS/Source/tasks.o
                0x000000000800694c                xTaskPriorityDisinherit
 .text.vTaskPriorityDisinheritAfterTimeout
                0x0000000008006a28      0x104 ./Middlewares/Third_Party/FreeRTOS/Source/tasks.o
                0x0000000008006a28                vTaskPriorityDisinheritAfterTimeout
 .text.pvTaskIncrementMutexHeldCount
                0x0000000008006b2c       0x28 ./Middlewares/Third_Party/FreeRTOS/Source/tasks.o
                0x0000000008006b2c                pvTaskIncrementMutexHeldCount
 .text.prvAddCurrentTaskToDelayedList
                0x0000000008006b54       0xa8 ./Middlewares/Third_Party/FreeRTOS/Source/tasks.o
 .text.xTimerCreateTimerTask
                0x0000000008006bfc       0x90 ./Middlewares/Third_Party/FreeRTOS/Source/timers.o
                0x0000000008006bfc                xTimerCreateTimerTask
 .text.xTimerCreate
                0x0000000008006c8c       0x42 ./Middlewares/Third_Party/FreeRTOS/Source/timers.o
                0x0000000008006c8c                xTimerCreate
 .text.xTimerCreateStatic
                0x0000000008006cce       0x7c ./Middlewares/Third_Party/FreeRTOS/Source/timers.o
                0x0000000008006cce                xTimerCreateStatic
 .text.prvInitialiseNewTimer
                0x0000000008006d4a       0x76 ./Middlewares/Third_Party/FreeRTOS/Source/timers.o
 .text.xTimerGenericCommand
                0x0000000008006dc0       0x9c ./Middlewares/Third_Party/FreeRTOS/Source/timers.o
                0x0000000008006dc0                xTimerGenericCommand
 .text.prvProcessExpiredTimer
                0x0000000008006e5c       0x98 ./Middlewares/Third_Party/FreeRTOS/Source/timers.o
 .text.prvTimerTask
                0x0000000008006ef4       0x24 ./Middlewares/Third_Party/FreeRTOS/Source/timers.o
 .text.prvProcessTimerOrBlockTask
                0x0000000008006f18       0x9c ./Middlewares/Third_Party/FreeRTOS/Source/timers.o
 .text.prvGetNextExpireTime
                0x0000000008006fb4       0x48 ./Middlewares/Third_Party/FreeRTOS/Source/timers.o
 .text.prvSampleTimeNow
                0x0000000008006ffc       0x40 ./Middlewares/Third_Party/FreeRTOS/Source/timers.o
 .text.prvInsertTimerInActiveList
                0x000000000800703c       0x84 ./Middlewares/Third_Party/FreeRTOS/Source/timers.o
 .text.prvProcessReceivedCommands
                0x00000000080070c0      0x1c4 ./Middlewares/Third_Party/FreeRTOS/Source/timers.o
 .text.prvSwitchTimerLists
                0x0000000008007284       0xc8 ./Middlewares/Third_Party/FreeRTOS/Source/timers.o
 .text.prvCheckForValidListAndQueue
                0x000000000800734c       0x80 ./Middlewares/Third_Party/FreeRTOS/Source/timers.o
 .text.pvTimerGetTimerID
                0x00000000080073cc       0x40 ./Middlewares/Third_Party/FreeRTOS/Source/timers.o
                0x00000000080073cc                pvTimerGetTimerID
 .text.pxPortInitialiseStack
                0x000000000800740c       0x68 ./Middlewares/Third_Party/FreeRTOS/Source/portable/GCC/ARM_CM4F/port.o
                0x000000000800740c                pxPortInitialiseStack
 .text.prvTaskExitError
                0x0000000008007474       0x58 ./Middlewares/Third_Party/FreeRTOS/Source/portable/GCC/ARM_CM4F/port.o
 *fill*         0x00000000080074cc        0x4 
 .text.SVC_Handler
                0x00000000080074d0       0x28 ./Middlewares/Third_Party/FreeRTOS/Source/portable/GCC/ARM_CM4F/port.o
                0x00000000080074d0                SVC_Handler
 .text.prvPortStartFirstTask
                0x00000000080074f8       0x28 ./Middlewares/Third_Party/FreeRTOS/Source/portable/GCC/ARM_CM4F/port.o
 .text.xPortStartScheduler
                0x0000000008007520      0x144 ./Middlewares/Third_Party/FreeRTOS/Source/portable/GCC/ARM_CM4F/port.o
                0x0000000008007520                xPortStartScheduler
 .text.vPortEnterCritical
                0x0000000008007664       0x60 ./Middlewares/Third_Party/FreeRTOS/Source/portable/GCC/ARM_CM4F/port.o
                0x0000000008007664                vPortEnterCritical
 .text.vPortExitCritical
                0x00000000080076c4       0x54 ./Middlewares/Third_Party/FreeRTOS/Source/portable/GCC/ARM_CM4F/port.o
                0x00000000080076c4                vPortExitCritical
 *fill*         0x0000000008007718        0x8 
 .text.PendSV_Handler
                0x0000000008007720       0x68 ./Middlewares/Third_Party/FreeRTOS/Source/portable/GCC/ARM_CM4F/port.o
                0x0000000008007720                PendSV_Handler
 .text.xPortSysTickHandler
                0x0000000008007788       0x44 ./Middlewares/Third_Party/FreeRTOS/Source/portable/GCC/ARM_CM4F/port.o
                0x0000000008007788                xPortSysTickHandler
 .text.vPortSetupTimerInterrupt
                0x00000000080077cc       0x48 ./Middlewares/Third_Party/FreeRTOS/Source/portable/GCC/ARM_CM4F/port.o
                0x00000000080077cc                vPortSetupTimerInterrupt
 .text.vPortEnableVFP
                0x0000000008007814       0x14 ./Middlewares/Third_Party/FreeRTOS/Source/portable/GCC/ARM_CM4F/port.o
 .text.vPortValidateInterruptPriority
                0x0000000008007828       0x80 ./Middlewares/Third_Party/FreeRTOS/Source/portable/GCC/ARM_CM4F/port.o
                0x0000000008007828                vPortValidateInterruptPriority
 .text.pvPortMalloc
                0x00000000080078a8      0x198 ./Middlewares/Third_Party/FreeRTOS/Source/portable/MemMang/heap_4.o
                0x00000000080078a8                pvPortMalloc
 .text.vPortFree
                0x0000000008007a40       0xc4 ./Middlewares/Third_Party/FreeRTOS/Source/portable/MemMang/heap_4.o
                0x0000000008007a40                vPortFree
 .text.prvHeapInit
                0x0000000008007b04       0xc4 ./Middlewares/Third_Party/FreeRTOS/Source/portable/MemMang/heap_4.o
 .text.prvInsertBlockIntoFreeList
                0x0000000008007bc8       0xb4 ./Middlewares/Third_Party/FreeRTOS/Source/portable/MemMang/heap_4.o
 .text.__errno  0x0000000008007c7c        0xc c:/st/stm32cubeide_1.10.1/stm32cubeide/plugins/com.st.stm32cube.ide.mcu.externaltools.gnu-tools-for-stm32.10.3-2021.10.win32_1.0.100.202210260954/tools/bin/../lib/gcc/arm-none-eabi/10.3.1/../../../../arm-none-eabi/lib/thumb/v7e-m+fp/hard\libc_nano.a(lib_a-errno.o)
                0x0000000008007c7c                __errno
 .text.std      0x0000000008007c88       0x48 c:/st/stm32cubeide_1.10.1/stm32cubeide/plugins/com.st.stm32cube.ide.mcu.externaltools.gnu-tools-for-stm32.10.3-2021.10.win32_1.0.100.202210260954/tools/bin/../lib/gcc/arm-none-eabi/10.3.1/../../../../arm-none-eabi/lib/thumb/v7e-m+fp/hard\libc_nano.a(lib_a-findfp.o)
 .text._cleanup_r
                0x0000000008007cd0        0xc c:/st/stm32cubeide_1.10.1/stm32cubeide/plugins/com.st.stm32cube.ide.mcu.externaltools.gnu-tools-for-stm32.10.3-2021.10.win32_1.0.100.202210260954/tools/bin/../lib/gcc/arm-none-eabi/10.3.1/../../../../arm-none-eabi/lib/thumb/v7e-m+fp/hard\libc_nano.a(lib_a-findfp.o)
                0x0000000008007cd0                _cleanup_r
 .text.__sfmoreglue
                0x0000000008007cdc       0x2c c:/st/stm32cubeide_1.10.1/stm32cubeide/plugins/com.st.stm32cube.ide.mcu.externaltools.gnu-tools-for-stm32.10.3-2021.10.win32_1.0.100.202210260954/tools/bin/../lib/gcc/arm-none-eabi/10.3.1/../../../../arm-none-eabi/lib/thumb/v7e-m+fp/hard\libc_nano.a(lib_a-findfp.o)
                0x0000000008007cdc                __sfmoreglue
 .text.__sfp_lock_acquire
                0x0000000008007d08        0xc c:/st/stm32cubeide_1.10.1/stm32cubeide/plugins/com.st.stm32cube.ide.mcu.externaltools.gnu-tools-for-stm32.10.3-2021.10.win32_1.0.100.202210260954/tools/bin/../lib/gcc/arm-none-eabi/10.3.1/../../../../arm-none-eabi/lib/thumb/v7e-m+fp/hard\libc_nano.a(lib_a-findfp.o)
                0x0000000008007d08                __sfp_lock_acquire
 .text.__sfp_lock_release
                0x0000000008007d14        0xc c:/st/stm32cubeide_1.10.1/stm32cubeide/plugins/com.st.stm32cube.ide.mcu.externaltools.gnu-tools-for-stm32.10.3-2021.10.win32_1.0.100.202210260954/tools/bin/../lib/gcc/arm-none-eabi/10.3.1/../../../../arm-none-eabi/lib/thumb/v7e-m+fp/hard\libc_nano.a(lib_a-findfp.o)
                0x0000000008007d14                __sfp_lock_release
 .text.__sinit_lock_acquire
                0x0000000008007d20        0xc c:/st/stm32cubeide_1.10.1/stm32cubeide/plugins/com.st.stm32cube.ide.mcu.externaltools.gnu-tools-for-stm32.10.3-2021.10.win32_1.0.100.202210260954/tools/bin/../lib/gcc/arm-none-eabi/10.3.1/../../../../arm-none-eabi/lib/thumb/v7e-m+fp/hard\libc_nano.a(lib_a-findfp.o)
                0x0000000008007d20                __sinit_lock_acquire
 .text.__sinit_lock_release
                0x0000000008007d2c        0xc c:/st/stm32cubeide_1.10.1/stm32cubeide/plugins/com.st.stm32cube.ide.mcu.externaltools.gnu-tools-for-stm32.10.3-2021.10.win32_1.0.100.202210260954/tools/bin/../lib/gcc/arm-none-eabi/10.3.1/../../../../arm-none-eabi/lib/thumb/v7e-m+fp/hard\libc_nano.a(lib_a-findfp.o)
                0x0000000008007d2c                __sinit_lock_release
 .text.__sinit  0x0000000008007d38       0x70 c:/st/stm32cubeide_1.10.1/stm32cubeide/plugins/com.st.stm32cube.ide.mcu.externaltools.gnu-tools-for-stm32.10.3-2021.10.win32_1.0.100.202210260954/tools/bin/../lib/gcc/arm-none-eabi/10.3.1/../../../../arm-none-eabi/lib/thumb/v7e-m+fp/hard\libc_nano.a(lib_a-findfp.o)
                0x0000000008007d38                __sinit
 .text.__sfp    0x0000000008007da8       0x8c c:/st/stm32cubeide_1.10.1/stm32cubeide/plugins/com.st.stm32cube.ide.mcu.externaltools.gnu-tools-for-stm32.10.3-2021.10.win32_1.0.100.202210260954/tools/bin/../lib/gcc/arm-none-eabi/10.3.1/../../../../arm-none-eabi/lib/thumb/v7e-m+fp/hard\libc_nano.a(lib_a-findfp.o)
                0x0000000008007da8                __sfp
 .text._fwalk_reent
                0x0000000008007e34       0x3e c:/st/stm32cubeide_1.10.1/stm32cubeide/plugins/com.st.stm32cube.ide.mcu.externaltools.gnu-tools-for-stm32.10.3-2021.10.win32_1.0.100.202210260954/tools/bin/../lib/gcc/arm-none-eabi/10.3.1/../../../../arm-none-eabi/lib/thumb/v7e-m+fp/hard\libc_nano.a(lib_a-fwalk.o)
                0x0000000008007e34                _fwalk_reent
 *fill*         0x0000000008007e72        0x2 
 .text.__libc_init_array
                0x0000000008007e74       0x48 c:/st/stm32cubeide_1.10.1/stm32cubeide/plugins/com.st.stm32cube.ide.mcu.externaltools.gnu-tools-for-stm32.10.3-2021.10.win32_1.0.100.202210260954/tools/bin/../lib/gcc/arm-none-eabi/10.3.1/../../../../arm-none-eabi/lib/thumb/v7e-m+fp/hard\libc_nano.a(lib_a-init.o)
                0x0000000008007e74                __libc_init_array
 .text.__retarget_lock_init_recursive
                0x0000000008007ebc        0x2 c:/st/stm32cubeide_1.10.1/stm32cubeide/plugins/com.st.stm32cube.ide.mcu.externaltools.gnu-tools-for-stm32.10.3-2021.10.win32_1.0.100.202210260954/tools/bin/../lib/gcc/arm-none-eabi/10.3.1/../../../../arm-none-eabi/lib/thumb/v7e-m+fp/hard\libc_nano.a(lib_a-lock.o)
                0x0000000008007ebc                __retarget_lock_init_recursive
 .text.__retarget_lock_acquire_recursive
                0x0000000008007ebe        0x2 c:/st/stm32cubeide_1.10.1/stm32cubeide/plugins/com.st.stm32cube.ide.mcu.externaltools.gnu-tools-for-stm32.10.3-2021.10.win32_1.0.100.202210260954/tools/bin/../lib/gcc/arm-none-eabi/10.3.1/../../../../arm-none-eabi/lib/thumb/v7e-m+fp/hard\libc_nano.a(lib_a-lock.o)
                0x0000000008007ebe                __retarget_lock_acquire_recursive
 .text.__retarget_lock_release_recursive
                0x0000000008007ec0        0x2 c:/st/stm32cubeide_1.10.1/stm32cubeide/plugins/com.st.stm32cube.ide.mcu.externaltools.gnu-tools-for-stm32.10.3-2021.10.win32_1.0.100.202210260954/tools/bin/../lib/gcc/arm-none-eabi/10.3.1/../../../../arm-none-eabi/lib/thumb/v7e-m+fp/hard\libc_nano.a(lib_a-lock.o)
                0x0000000008007ec0                __retarget_lock_release_recursive
 .text.memcpy   0x0000000008007ec2       0x1c c:/st/stm32cubeide_1.10.1/stm32cubeide/plugins/com.st.stm32cube.ide.mcu.externaltools.gnu-tools-for-stm32.10.3-2021.10.win32_1.0.100.202210260954/tools/bin/../lib/gcc/arm-none-eabi/10.3.1/../../../../arm-none-eabi/lib/thumb/v7e-m+fp/hard\libc_nano.a(lib_a-memcpy-stub.o)
                0x0000000008007ec2                memcpy
 .text.memset   0x0000000008007ede       0x10 c:/st/stm32cubeide_1.10.1/stm32cubeide/plugins/com.st.stm32cube.ide.mcu.externaltools.gnu-tools-for-stm32.10.3-2021.10.win32_1.0.100.202210260954/tools/bin/../lib/gcc/arm-none-eabi/10.3.1/../../../../arm-none-eabi/lib/thumb/v7e-m+fp/hard\libc_nano.a(lib_a-memset.o)
                0x0000000008007ede                memset
 *fill*         0x0000000008007eee        0x2 
 .text.sbrk_aligned
                0x0000000008007ef0       0x40 c:/st/stm32cubeide_1.10.1/stm32cubeide/plugins/com.st.stm32cube.ide.mcu.externaltools.gnu-tools-for-stm32.10.3-2021.10.win32_1.0.100.202210260954/tools/bin/../lib/gcc/arm-none-eabi/10.3.1/../../../../arm-none-eabi/lib/thumb/v7e-m+fp/hard\libc_nano.a(lib_a-nano-mallocr.o)
 .text._malloc_r
                0x0000000008007f30       0xe8 c:/st/stm32cubeide_1.10.1/stm32cubeide/plugins/com.st.stm32cube.ide.mcu.externaltools.gnu-tools-for-stm32.10.3-2021.10.win32_1.0.100.202210260954/tools/bin/../lib/gcc/arm-none-eabi/10.3.1/../../../../arm-none-eabi/lib/thumb/v7e-m+fp/hard\libc_nano.a(lib_a-nano-mallocr.o)
                0x0000000008007f30                _malloc_r
 .text._puts_r  0x0000000008008018       0xdc c:/st/stm32cubeide_1.10.1/stm32cubeide/plugins/com.st.stm32cube.ide.mcu.externaltools.gnu-tools-for-stm32.10.3-2021.10.win32_1.0.100.202210260954/tools/bin/../lib/gcc/arm-none-eabi/10.3.1/../../../../arm-none-eabi/lib/thumb/v7e-m+fp/hard\libc_nano.a(lib_a-puts.o)
                0x0000000008008018                _puts_r
 .text.puts     0x00000000080080f4       0x10 c:/st/stm32cubeide_1.10.1/stm32cubeide/plugins/com.st.stm32cube.ide.mcu.externaltools.gnu-tools-for-stm32.10.3-2021.10.win32_1.0.100.202210260954/tools/bin/../lib/gcc/arm-none-eabi/10.3.1/../../../../arm-none-eabi/lib/thumb/v7e-m+fp/hard\libc_nano.a(lib_a-puts.o)
                0x00000000080080f4                puts
 .text.cleanup_glue
                0x0000000008008104       0x1a c:/st/stm32cubeide_1.10.1/stm32cubeide/plugins/com.st.stm32cube.ide.mcu.externaltools.gnu-tools-for-stm32.10.3-2021.10.win32_1.0.100.202210260954/tools/bin/../lib/gcc/arm-none-eabi/10.3.1/../../../../arm-none-eabi/lib/thumb/v7e-m+fp/hard\libc_nano.a(lib_a-reent.o)
                0x0000000008008104                cleanup_glue
 *fill*         0x000000000800811e        0x2 
 .text._reclaim_reent
                0x0000000008008120       0xb8 c:/st/stm32cubeide_1.10.1/stm32cubeide/plugins/com.st.stm32cube.ide.mcu.externaltools.gnu-tools-for-stm32.10.3-2021.10.win32_1.0.100.202210260954/tools/bin/../lib/gcc/arm-none-eabi/10.3.1/../../../../arm-none-eabi/lib/thumb/v7e-m+fp/hard\libc_nano.a(lib_a-reent.o)
                0x0000000008008120                _reclaim_reent
 .text._sbrk_r  0x00000000080081d8       0x20 c:/st/stm32cubeide_1.10.1/stm32cubeide/plugins/com.st.stm32cube.ide.mcu.externaltools.gnu-tools-for-stm32.10.3-2021.10.win32_1.0.100.202210260954/tools/bin/../lib/gcc/arm-none-eabi/10.3.1/../../../../arm-none-eabi/lib/thumb/v7e-m+fp/hard\libc_nano.a(lib_a-sbrkr.o)
                0x00000000080081d8                _sbrk_r
 .text.__sread  0x00000000080081f8       0x22 c:/st/stm32cubeide_1.10.1/stm32cubeide/plugins/com.st.stm32cube.ide.mcu.externaltools.gnu-tools-for-stm32.10.3-2021.10.win32_1.0.100.202210260954/tools/bin/../lib/gcc/arm-none-eabi/10.3.1/../../../../arm-none-eabi/lib/thumb/v7e-m+fp/hard\libc_nano.a(lib_a-stdio.o)
                0x00000000080081f8                __sread
 .text.__swrite
                0x000000000800821a       0x38 c:/st/stm32cubeide_1.10.1/stm32cubeide/plugins/com.st.stm32cube.ide.mcu.externaltools.gnu-tools-for-stm32.10.3-2021.10.win32_1.0.100.202210260954/tools/bin/../lib/gcc/arm-none-eabi/10.3.1/../../../../arm-none-eabi/lib/thumb/v7e-m+fp/hard\libc_nano.a(lib_a-stdio.o)
                0x000000000800821a                __swrite
 .text.__sseek  0x0000000008008252       0x24 c:/st/stm32cubeide_1.10.1/stm32cubeide/plugins/com.st.stm32cube.ide.mcu.externaltools.gnu-tools-for-stm32.10.3-2021.10.win32_1.0.100.202210260954/tools/bin/../lib/gcc/arm-none-eabi/10.3.1/../../../../arm-none-eabi/lib/thumb/v7e-m+fp/hard\libc_nano.a(lib_a-stdio.o)
                0x0000000008008252                __sseek
 .text.__sclose
                0x0000000008008276        0x8 c:/st/stm32cubeide_1.10.1/stm32cubeide/plugins/com.st.stm32cube.ide.mcu.externaltools.gnu-tools-for-stm32.10.3-2021.10.win32_1.0.100.202210260954/tools/bin/../lib/gcc/arm-none-eabi/10.3.1/../../../../arm-none-eabi/lib/thumb/v7e-m+fp/hard\libc_nano.a(lib_a-stdio.o)
                0x0000000008008276                __sclose
 *fill*         0x000000000800827e        0x2 
 .text.__swbuf_r
                0x0000000008008280       0xa4 c:/st/stm32cubeide_1.10.1/stm32cubeide/plugins/com.st.stm32cube.ide.mcu.externaltools.gnu-tools-for-stm32.10.3-2021.10.win32_1.0.100.202210260954/tools/bin/../lib/gcc/arm-none-eabi/10.3.1/../../../../arm-none-eabi/lib/thumb/v7e-m+fp/hard\libc_nano.a(lib_a-wbuf.o)
                0x0000000008008280                __swbuf_r
 .text._write_r
                0x0000000008008324       0x24 c:/st/stm32cubeide_1.10.1/stm32cubeide/plugins/com.st.stm32cube.ide.mcu.externaltools.gnu-tools-for-stm32.10.3-2021.10.win32_1.0.100.202210260954/tools/bin/../lib/gcc/arm-none-eabi/10.3.1/../../../../arm-none-eabi/lib/thumb/v7e-m+fp/hard\libc_nano.a(lib_a-writer.o)
                0x0000000008008324                _write_r
 .text.__swsetup_r
                0x0000000008008348       0xdc c:/st/stm32cubeide_1.10.1/stm32cubeide/plugins/com.st.stm32cube.ide.mcu.externaltools.gnu-tools-for-stm32.10.3-2021.10.win32_1.0.100.202210260954/tools/bin/../lib/gcc/arm-none-eabi/10.3.1/../../../../arm-none-eabi/lib/thumb/v7e-m+fp/hard\libc_nano.a(lib_a-wsetup.o)
                0x0000000008008348                __swsetup_r
 .text._close_r
                0x0000000008008424       0x20 c:/st/stm32cubeide_1.10.1/stm32cubeide/plugins/com.st.stm32cube.ide.mcu.externaltools.gnu-tools-for-stm32.10.3-2021.10.win32_1.0.100.202210260954/tools/bin/../lib/gcc/arm-none-eabi/10.3.1/../../../../arm-none-eabi/lib/thumb/v7e-m+fp/hard\libc_nano.a(lib_a-closer.o)
                0x0000000008008424                _close_r
 .text.__sflush_r
                0x0000000008008444      0x10c c:/st/stm32cubeide_1.10.1/stm32cubeide/plugins/com.st.stm32cube.ide.mcu.externaltools.gnu-tools-for-stm32.10.3-2021.10.win32_1.0.100.202210260954/tools/bin/../lib/gcc/arm-none-eabi/10.3.1/../../../../arm-none-eabi/lib/thumb/v7e-m+fp/hard\libc_nano.a(lib_a-fflush.o)
                0x0000000008008444                __sflush_r
 .text._fflush_r
                0x0000000008008550       0x78 c:/st/stm32cubeide_1.10.1/stm32cubeide/plugins/com.st.stm32cube.ide.mcu.externaltools.gnu-tools-for-stm32.10.3-2021.10.win32_1.0.100.202210260954/tools/bin/../lib/gcc/arm-none-eabi/10.3.1/../../../../arm-none-eabi/lib/thumb/v7e-m+fp/hard\libc_nano.a(lib_a-fflush.o)
                0x0000000008008550                _fflush_r
 .text._lseek_r
                0x00000000080085c8       0x24 c:/st/stm32cubeide_1.10.1/stm32cubeide/plugins/com.st.stm32cube.ide.mcu.externaltools.gnu-tools-for-stm32.10.3-2021.10.win32_1.0.100.202210260954/tools/bin/../lib/gcc/arm-none-eabi/10.3.1/../../../../arm-none-eabi/lib/thumb/v7e-m+fp/hard\libc_nano.a(lib_a-lseekr.o)
                0x00000000080085c8                _lseek_r
 .text.__swhatbuf_r
                0x00000000080085ec       0x4a c:/st/stm32cubeide_1.10.1/stm32cubeide/plugins/com.st.stm32cube.ide.mcu.externaltools.gnu-tools-for-stm32.10.3-2021.10.win32_1.0.100.202210260954/tools/bin/../lib/gcc/arm-none-eabi/10.3.1/../../../../arm-none-eabi/lib/thumb/v7e-m+fp/hard\libc_nano.a(lib_a-makebuf.o)
                0x00000000080085ec                __swhatbuf_r
 *fill*         0x0000000008008636        0x2 
 .text.__smakebuf_r
                0x0000000008008638       0x80 c:/st/stm32cubeide_1.10.1/stm32cubeide/plugins/com.st.stm32cube.ide.mcu.externaltools.gnu-tools-for-stm32.10.3-2021.10.win32_1.0.100.202210260954/tools/bin/../lib/gcc/arm-none-eabi/10.3.1/../../../../arm-none-eabi/lib/thumb/v7e-m+fp/hard\libc_nano.a(lib_a-makebuf.o)
                0x0000000008008638                __smakebuf_r
 .text.__malloc_lock
                0x00000000080086b8        0xc c:/st/stm32cubeide_1.10.1/stm32cubeide/plugins/com.st.stm32cube.ide.mcu.externaltools.gnu-tools-for-stm32.10.3-2021.10.win32_1.0.100.202210260954/tools/bin/../lib/gcc/arm-none-eabi/10.3.1/../../../../arm-none-eabi/lib/thumb/v7e-m+fp/hard\libc_nano.a(lib_a-mlock.o)
                0x00000000080086b8                __malloc_lock
 .text.__malloc_unlock
                0x00000000080086c4        0xc c:/st/stm32cubeide_1.10.1/stm32cubeide/plugins/com.st.stm32cube.ide.mcu.externaltools.gnu-tools-for-stm32.10.3-2021.10.win32_1.0.100.202210260954/tools/bin/../lib/gcc/arm-none-eabi/10.3.1/../../../../arm-none-eabi/lib/thumb/v7e-m+fp/hard\libc_nano.a(lib_a-mlock.o)
                0x00000000080086c4                __malloc_unlock
 .text._free_r  0x00000000080086d0       0x98 c:/st/stm32cubeide_1.10.1/stm32cubeide/plugins/com.st.stm32cube.ide.mcu.externaltools.gnu-tools-for-stm32.10.3-2021.10.win32_1.0.100.202210260954/tools/bin/../lib/gcc/arm-none-eabi/10.3.1/../../../../arm-none-eabi/lib/thumb/v7e-m+fp/hard\libc_nano.a(lib_a-nano-freer.o)
                0x00000000080086d0                _free_r
 .text._read_r  0x0000000008008768       0x24 c:/st/stm32cubeide_1.10.1/stm32cubeide/plugins/com.st.stm32cube.ide.mcu.externaltools.gnu-tools-for-stm32.10.3-2021.10.win32_1.0.100.202210260954/tools/bin/../lib/gcc/arm-none-eabi/10.3.1/../../../../arm-none-eabi/lib/thumb/v7e-m+fp/hard\libc_nano.a(lib_a-readr.o)
                0x0000000008008768                _read_r
 .text._fstat_r
                0x000000000800878c       0x24 c:/st/stm32cubeide_1.10.1/stm32cubeide/plugins/com.st.stm32cube.ide.mcu.externaltools.gnu-tools-for-stm32.10.3-2021.10.win32_1.0.100.202210260954/tools/bin/../lib/gcc/arm-none-eabi/10.3.1/../../../../arm-none-eabi/lib/thumb/v7e-m+fp/hard\libc_nano.a(lib_a-fstatr.o)
                0x000000000800878c                _fstat_r
 .text._isatty_r
                0x00000000080087b0       0x20 c:/st/stm32cubeide_1.10.1/stm32cubeide/plugins/com.st.stm32cube.ide.mcu.externaltools.gnu-tools-for-stm32.10.3-2021.10.win32_1.0.100.202210260954/tools/bin/../lib/gcc/arm-none-eabi/10.3.1/../../../../arm-none-eabi/lib/thumb/v7e-m+fp/hard\libc_nano.a(lib_a-isattyr.o)
                0x00000000080087b0                _isatty_r
 *(.glue_7)
 .glue_7        0x00000000080087d0        0x0 linker stubs
 *(.glue_7t)
 .glue_7t       0x00000000080087d0        0x0 linker stubs
 *(.eh_frame)
 .eh_frame      0x00000000080087d0        0x0 c:/st/stm32cubeide_1.10.1/stm32cubeide/plugins/com.st.stm32cube.ide.mcu.externaltools.gnu-tools-for-stm32.10.3-2021.10.win32_1.0.100.202210260954/tools/bin/../lib/gcc/arm-none-eabi/10.3.1/thumb/v7e-m+fp/hard/crtbegin.o
 *(.init)
 .init          0x00000000080087d0        0x4 c:/st/stm32cubeide_1.10.1/stm32cubeide/plugins/com.st.stm32cube.ide.mcu.externaltools.gnu-tools-for-stm32.10.3-2021.10.win32_1.0.100.202210260954/tools/bin/../lib/gcc/arm-none-eabi/10.3.1/thumb/v7e-m+fp/hard/crti.o
                0x00000000080087d0                _init
 .init          0x00000000080087d4        0x8 c:/st/stm32cubeide_1.10.1/stm32cubeide/plugins/com.st.stm32cube.ide.mcu.externaltools.gnu-tools-for-stm32.10.3-2021.10.win32_1.0.100.202210260954/tools/bin/../lib/gcc/arm-none-eabi/10.3.1/thumb/v7e-m+fp/hard/crtn.o
 *(.fini)
 .fini          0x00000000080087dc        0x4 c:/st/stm32cubeide_1.10.1/stm32cubeide/plugins/com.st.stm32cube.ide.mcu.externaltools.gnu-tools-for-stm32.10.3-2021.10.win32_1.0.100.202210260954/tools/bin/../lib/gcc/arm-none-eabi/10.3.1/thumb/v7e-m+fp/hard/crti.o
                0x00000000080087dc                _fini
 .fini          0x00000000080087e0        0x8 c:/st/stm32cubeide_1.10.1/stm32cubeide/plugins/com.st.stm32cube.ide.mcu.externaltools.gnu-tools-for-stm32.10.3-2021.10.win32_1.0.100.202210260954/tools/bin/../lib/gcc/arm-none-eabi/10.3.1/thumb/v7e-m+fp/hard/crtn.o
                0x00000000080087e8                . = ALIGN (0x4)
                0x00000000080087e8                _etext = .

.vfp11_veneer   0x00000000080087e8        0x0
 .vfp11_veneer  0x00000000080087e8        0x0 linker stubs

.v4_bx          0x00000000080087e8        0x0
 .v4_bx         0x00000000080087e8        0x0 linker stubs

.iplt           0x00000000080087e8        0x0
 .iplt          0x00000000080087e8        0x0 c:/st/stm32cubeide_1.10.1/stm32cubeide/plugins/com.st.stm32cube.ide.mcu.externaltools.gnu-tools-for-stm32.10.3-2021.10.win32_1.0.100.202210260954/tools/bin/../lib/gcc/arm-none-eabi/10.3.1/thumb/v7e-m+fp/hard/crtbegin.o

.rodata         0x00000000080087e8      0x220
                0x00000000080087e8                . = ALIGN (0x4)
 *(.rodata)
 .rodata        0x00000000080087e8       0x9f ./Core/Src/main.o
 *fill*         0x0000000008008887        0x1 
 .rodata        0x0000000008008888       0x2c ./Drivers/STM32WBxx_HAL_Driver/Src/stm32wbxx_hal_rcc.o
 .rodata        0x00000000080088b4        0x5 ./Middlewares/Third_Party/FreeRTOS/Source/tasks.o
 *fill*         0x00000000080088b9        0x3 
 .rodata        0x00000000080088bc        0xd ./Middlewares/Third_Party/FreeRTOS/Source/timers.o
 *(.rodata*)
 *fill*         0x00000000080088c9        0x3 
 .rodata.uartMutexAttribs
                0x00000000080088cc       0x10 ./Core/Src/main.o
                0x00000000080088cc                uartMutexAttribs
 .rodata.AHBPrescTable
                0x00000000080088dc       0x40 ./Core/Src/system_stm32wbxx.o
                0x00000000080088dc                AHBPrescTable
 .rodata.APBPrescTable
                0x000000000800891c       0x20 ./Core/Src/system_stm32wbxx.o
                0x000000000800891c                APBPrescTable
 .rodata.MSIRangeTable
                0x000000000800893c       0x40 ./Core/Src/system_stm32wbxx.o
                0x000000000800893c                MSIRangeTable
 .rodata.UARTPrescTable
                0x000000000800897c       0x18 ./Drivers/STM32WBxx_HAL_Driver/Src/stm32wbxx_hal_uart.o
                0x000000000800897c                UARTPrescTable
 .rodata.numerator.1
                0x0000000008008994        0x8 ./Drivers/STM32WBxx_HAL_Driver/Src/stm32wbxx_hal_uart_ex.o
 .rodata.denominator.0
                0x000000000800899c        0x8 ./Drivers/STM32WBxx_HAL_Driver/Src/stm32wbxx_hal_uart_ex.o
 .rodata.__sf_fake_stderr
                0x00000000080089a4       0x20 c:/st/stm32cubeide_1.10.1/stm32cubeide/plugins/com.st.stm32cube.ide.mcu.externaltools.gnu-tools-for-stm32.10.3-2021.10.win32_1.0.100.202210260954/tools/bin/../lib/gcc/arm-none-eabi/10.3.1/../../../../arm-none-eabi/lib/thumb/v7e-m+fp/hard\libc_nano.a(lib_a-findfp.o)
                0x00000000080089a4                __sf_fake_stderr
 .rodata.__sf_fake_stdin
                0x00000000080089c4       0x20 c:/st/stm32cubeide_1.10.1/stm32cubeide/plugins/com.st.stm32cube.ide.mcu.externaltools.gnu-tools-for-stm32.10.3-2021.10.win32_1.0.100.202210260954/tools/bin/../lib/gcc/arm-none-eabi/10.3.1/../../../../arm-none-eabi/lib/thumb/v7e-m+fp/hard\libc_nano.a(lib_a-findfp.o)
                0x00000000080089c4                __sf_fake_stdin
 .rodata.__sf_fake_stdout
                0x00000000080089e4       0x20 c:/st/stm32cubeide_1.10.1/stm32cubeide/plugins/com.st.stm32cube.ide.mcu.externaltools.gnu-tools-for-stm32.10.3-2021.10.win32_1.0.100.202210260954/tools/bin/../lib/gcc/arm-none-eabi/10.3.1/../../../../arm-none-eabi/lib/thumb/v7e-m+fp/hard\libc_nano.a(lib_a-findfp.o)
                0x00000000080089e4                __sf_fake_stdout
 .rodata._global_impure_ptr
                0x0000000008008a04        0x4 c:/st/stm32cubeide_1.10.1/stm32cubeide/plugins/com.st.stm32cube.ide.mcu.externaltools.gnu-tools-for-stm32.10.3-2021.10.win32_1.0.100.202210260954/tools/bin/../lib/gcc/arm-none-eabi/10.3.1/../../../../arm-none-eabi/lib/thumb/v7e-m+fp/hard\libc_nano.a(lib_a-impure.o)
                0x0000000008008a04                _global_impure_ptr
                0x0000000008008a08                . = ALIGN (0x4)

.ARM.extab
 *(.ARM.extab* .gnu.linkonce.armextab.*)

.ARM            0x0000000008008a08        0x8
                0x0000000008008a08                __exidx_start = .
 *(.ARM.exidx*)
 .ARM.exidx     0x0000000008008a08        0x8 c:/st/stm32cubeide_1.10.1/stm32cubeide/plugins/com.st.stm32cube.ide.mcu.externaltools.gnu-tools-for-stm32.10.3-2021.10.win32_1.0.100.202210260954/tools/bin/../lib/gcc/arm-none-eabi/10.3.1/thumb/v7e-m+fp/hard\libgcc.a(_udivmoddi4.o)
                0x0000000008008a10                __exidx_end = .

.rel.dyn        0x0000000008008a10        0x0
 .rel.iplt      0x0000000008008a10        0x0 c:/st/stm32cubeide_1.10.1/stm32cubeide/plugins/com.st.stm32cube.ide.mcu.externaltools.gnu-tools-for-stm32.10.3-2021.10.win32_1.0.100.202210260954/tools/bin/../lib/gcc/arm-none-eabi/10.3.1/thumb/v7e-m+fp/hard/crtbegin.o

.preinit_array  0x0000000008008a10        0x0
                0x0000000008008a10                PROVIDE (__preinit_array_start = .)
 *(.preinit_array*)
                0x0000000008008a10                PROVIDE (__preinit_array_end = .)

.init_array     0x0000000008008a10        0x4
                0x0000000008008a10                PROVIDE (__init_array_start = .)
 *(SORT_BY_NAME(.init_array.*))
 *(.init_array*)
 .init_array    0x0000000008008a10        0x4 c:/st/stm32cubeide_1.10.1/stm32cubeide/plugins/com.st.stm32cube.ide.mcu.externaltools.gnu-tools-for-stm32.10.3-2021.10.win32_1.0.100.202210260954/tools/bin/../lib/gcc/arm-none-eabi/10.3.1/thumb/v7e-m+fp/hard/crtbegin.o
                0x0000000008008a14                PROVIDE (__init_array_end = .)

.fini_array     0x0000000008008a14        0x4
                [!provide]                        PROVIDE (__fini_array_start = .)
 *(SORT_BY_NAME(.fini_array.*))
 *(.fini_array*)
 .fini_array    0x0000000008008a14        0x4 c:/st/stm32cubeide_1.10.1/stm32cubeide/plugins/com.st.stm32cube.ide.mcu.externaltools.gnu-tools-for-stm32.10.3-2021.10.win32_1.0.100.202210260954/tools/bin/../lib/gcc/arm-none-eabi/10.3.1/thumb/v7e-m+fp/hard/crtbegin.o
                [!provide]                        PROVIDE (__fini_array_end = .)
                0x0000000008008a18                _sidata = LOADADDR (.data)

.data           0x0000000020000004       0x74 load address 0x0000000008008a18
                0x0000000020000004                . = ALIGN (0x4)
                0x0000000020000004                _sdata = .
 *(.data)
 *(.data*)
 .data.SystemCoreClock
                0x0000000020000004        0x4 ./Core/Src/system_stm32wbxx.o
                0x0000000020000004                SystemCoreClock
 .data.uwTickPrio
                0x0000000020000008        0x4 ./Drivers/STM32WBxx_HAL_Driver/Src/stm32wbxx_hal.o
                0x0000000020000008                uwTickPrio
 .data.uwTickFreq
                0x000000002000000c        0x1 ./Drivers/STM32WBxx_HAL_Driver/Src/stm32wbxx_hal.o
                0x000000002000000c                uwTickFreq
 *fill*         0x000000002000000d        0x3 
 .data.uxCriticalNesting
                0x0000000020000010        0x4 ./Middlewares/Third_Party/FreeRTOS/Source/portable/GCC/ARM_CM4F/port.o
 .data._impure_ptr
                0x0000000020000014        0x4 c:/st/stm32cubeide_1.10.1/stm32cubeide/plugins/com.st.stm32cube.ide.mcu.externaltools.gnu-tools-for-stm32.10.3-2021.10.win32_1.0.100.202210260954/tools/bin/../lib/gcc/arm-none-eabi/10.3.1/../../../../arm-none-eabi/lib/thumb/v7e-m+fp/hard\libc_nano.a(lib_a-impure.o)
                0x0000000020000014                _impure_ptr
 .data.impure_data
                0x0000000020000018       0x60 c:/st/stm32cubeide_1.10.1/stm32cubeide/plugins/com.st.stm32cube.ide.mcu.externaltools.gnu-tools-for-stm32.10.3-2021.10.win32_1.0.100.202210260954/tools/bin/../lib/gcc/arm-none-eabi/10.3.1/../../../../arm-none-eabi/lib/thumb/v7e-m+fp/hard\libc_nano.a(lib_a-impure.o)
 *(.RamFunc)
 *(.RamFunc*)
                0x0000000020000078                . = ALIGN (0x4)
                0x0000000020000078                _edata = .

.igot.plt       0x0000000020000078        0x0 load address 0x0000000008008a8c
 .igot.plt      0x0000000020000078        0x0 c:/st/stm32cubeide_1.10.1/stm32cubeide/plugins/com.st.stm32cube.ide.mcu.externaltools.gnu-tools-for-stm32.10.3-2021.10.win32_1.0.100.202210260954/tools/bin/../lib/gcc/arm-none-eabi/10.3.1/thumb/v7e-m+fp/hard/crtbegin.o
                0x0000000020000078                . = ALIGN (0x4)

.bss            0x0000000020000078     0x1e4c load address 0x0000000008008a8c
                0x0000000020000078                _sbss = .
                0x0000000020000078                __bss_start__ = _sbss
 *(.bss)
 .bss           0x0000000020000078       0x1c c:/st/stm32cubeide_1.10.1/stm32cubeide/plugins/com.st.stm32cube.ide.mcu.externaltools.gnu-tools-for-stm32.10.3-2021.10.win32_1.0.100.202210260954/tools/bin/../lib/gcc/arm-none-eabi/10.3.1/thumb/v7e-m+fp/hard/crtbegin.o
 *(.bss*)
 .bss.hlpuart1  0x0000000020000094       0x90 ./Core/Src/main.o
                0x0000000020000094                hlpuart1
 .bss.hpcd_USB_FS
                0x0000000020000124      0x2f8 ./Core/Src/main.o
                0x0000000020000124                hpcd_USB_FS
 .bss.Orange_TaskProfiler
                0x000000002000041c        0x4 ./Core/Src/main.o
                0x000000002000041c                Orange_TaskProfiler
 .bss.Red_TaskProfiler
                0x0000000020000420        0x4 ./Core/Src/main.o
                0x0000000020000420                Red_TaskProfiler
 .bss.Green_TaskProfiler
                0x0000000020000424        0x4 ./Core/Src/main.o
                0x0000000020000424                Green_TaskProfiler
 .bss.Blue_TaskProfiler
                0x0000000020000428        0x4 ./Core/Src/main.o
                0x0000000020000428                Blue_TaskProfiler
 .bss.timer_1_TaskProfiler
                0x000000002000042c        0x4 ./Core/Src/main.o
                0x000000002000042c                timer_1_TaskProfiler
 .bss.timer_2_TaskProfiler
                0x0000000020000430        0x4 ./Core/Src/main.o
                0x0000000020000430                timer_2_TaskProfiler
 .bss.red_id    0x0000000020000434        0x4 ./Core/Src/main.o
                0x0000000020000434                red_id
 .bss.green_id  0x0000000020000438        0x4 ./Core/Src/main.o
                0x0000000020000438                green_id
 .bss.blue_id   0x000000002000043c        0x4 ./Core/Src/main.o
                0x000000002000043c                blue_id
 .bss.orange_id
                0x0000000020000440        0x4 ./Core/Src/main.o
                0x0000000020000440                orange_id
 .bss.timer_1_id
                0x0000000020000444        0x4 ./Core/Src/main.o
                0x0000000020000444                timer_1_id
 .bss.timer_2_id
                0x0000000020000448        0x4 ./Core/Src/main.o
                0x0000000020000448                timer_2_id
 .bss.uart_mutex_id
                0x000000002000044c        0x4 ./Core/Src/main.o
                0x000000002000044c                uart_mutex_id
 .bss.htim1     0x0000000020000450       0x4c ./Core/Src/stm32wbxx_hal_timebase_tim.o
                0x0000000020000450                htim1
 .bss.__sbrk_heap_end
                0x000000002000049c        0x4 ./Core/Src/sysmem.o
 .bss.uwTick    0x00000000200004a0        0x4 ./Drivers/STM32WBxx_HAL_Driver/Src/stm32wbxx_hal.o
                0x00000000200004a0                uwTick
 .bss.KernelState
                0x00000000200004a4        0x4 ./Middlewares/Third_Party/FreeRTOS/Source/CMSIS_RTOS_V2/cmsis_os2.o
 .bss.Idle_TCB.3
                0x00000000200004a8       0xbc ./Middlewares/Third_Party/FreeRTOS/Source/CMSIS_RTOS_V2/cmsis_os2.o
 .bss.Idle_Stack.2
                0x0000000020000564      0x200 ./Middlewares/Third_Party/FreeRTOS/Source/CMSIS_RTOS_V2/cmsis_os2.o
 .bss.Timer_TCB.1
                0x0000000020000764       0xbc ./Middlewares/Third_Party/FreeRTOS/Source/CMSIS_RTOS_V2/cmsis_os2.o
 .bss.Timer_Stack.0
                0x0000000020000820      0x400 ./Middlewares/Third_Party/FreeRTOS/Source/CMSIS_RTOS_V2/cmsis_os2.o
 .bss.xQueueRegistry
                0x0000000020000c20       0x40 ./Middlewares/Third_Party/FreeRTOS/Source/queue.o
                0x0000000020000c20                xQueueRegistry
 .bss.pxCurrentTCB
                0x0000000020000c60        0x4 ./Middlewares/Third_Party/FreeRTOS/Source/tasks.o
                0x0000000020000c60                pxCurrentTCB
 .bss.pxReadyTasksLists
                0x0000000020000c64      0x460 ./Middlewares/Third_Party/FreeRTOS/Source/tasks.o
 .bss.xDelayedTaskList1
                0x00000000200010c4       0x14 ./Middlewares/Third_Party/FreeRTOS/Source/tasks.o
 .bss.xDelayedTaskList2
                0x00000000200010d8       0x14 ./Middlewares/Third_Party/FreeRTOS/Source/tasks.o
 .bss.pxDelayedTaskList
                0x00000000200010ec        0x4 ./Middlewares/Third_Party/FreeRTOS/Source/tasks.o
 .bss.pxOverflowDelayedTaskList
                0x00000000200010f0        0x4 ./Middlewares/Third_Party/FreeRTOS/Source/tasks.o
 .bss.xPendingReadyList
                0x00000000200010f4       0x14 ./Middlewares/Third_Party/FreeRTOS/Source/tasks.o
 .bss.xTasksWaitingTermination
                0x0000000020001108       0x14 ./Middlewares/Third_Party/FreeRTOS/Source/tasks.o
 .bss.uxDeletedTasksWaitingCleanUp
                0x000000002000111c        0x4 ./Middlewares/Third_Party/FreeRTOS/Source/tasks.o
 .bss.xSuspendedTaskList
                0x0000000020001120       0x14 ./Middlewares/Third_Party/FreeRTOS/Source/tasks.o
 .bss.uxCurrentNumberOfTasks
                0x0000000020001134        0x4 ./Middlewares/Third_Party/FreeRTOS/Source/tasks.o
 .bss.xTickCount
                0x0000000020001138        0x4 ./Middlewares/Third_Party/FreeRTOS/Source/tasks.o
 .bss.uxTopReadyPriority
                0x000000002000113c        0x4 ./Middlewares/Third_Party/FreeRTOS/Source/tasks.o
 .bss.xSchedulerRunning
                0x0000000020001140        0x4 ./Middlewares/Third_Party/FreeRTOS/Source/tasks.o
 .bss.xPendedTicks
                0x0000000020001144        0x4 ./Middlewares/Third_Party/FreeRTOS/Source/tasks.o
 .bss.xYieldPending
                0x0000000020001148        0x4 ./Middlewares/Third_Party/FreeRTOS/Source/tasks.o
 .bss.xNumOfOverflows
                0x000000002000114c        0x4 ./Middlewares/Third_Party/FreeRTOS/Source/tasks.o
 .bss.uxTaskNumber
                0x0000000020001150        0x4 ./Middlewares/Third_Party/FreeRTOS/Source/tasks.o
 .bss.xNextTaskUnblockTime
                0x0000000020001154        0x4 ./Middlewares/Third_Party/FreeRTOS/Source/tasks.o
 .bss.xIdleTaskHandle
                0x0000000020001158        0x4 ./Middlewares/Third_Party/FreeRTOS/Source/tasks.o
 .bss.uxSchedulerSuspended
                0x000000002000115c        0x4 ./Middlewares/Third_Party/FreeRTOS/Source/tasks.o
 .bss.xActiveTimerList1
                0x0000000020001160       0x14 ./Middlewares/Third_Party/FreeRTOS/Source/timers.o
 .bss.xActiveTimerList2
                0x0000000020001174       0x14 ./Middlewares/Third_Party/FreeRTOS/Source/timers.o
 .bss.pxCurrentTimerList
                0x0000000020001188        0x4 ./Middlewares/Third_Party/FreeRTOS/Source/timers.o
 .bss.pxOverflowTimerList
                0x000000002000118c        0x4 ./Middlewares/Third_Party/FreeRTOS/Source/timers.o
 .bss.xTimerQueue
                0x0000000020001190        0x4 ./Middlewares/Third_Party/FreeRTOS/Source/timers.o
 .bss.xTimerTaskHandle
                0x0000000020001194        0x4 ./Middlewares/Third_Party/FreeRTOS/Source/timers.o
 .bss.xLastTime.2
                0x0000000020001198        0x4 ./Middlewares/Third_Party/FreeRTOS/Source/timers.o
 .bss.ucStaticTimerQueueStorage.1
                0x000000002000119c       0xa0 ./Middlewares/Third_Party/FreeRTOS/Source/timers.o
 .bss.xStaticTimerQueue.0
                0x000000002000123c       0x50 ./Middlewares/Third_Party/FreeRTOS/Source/timers.o
 .bss.ucMaxSysCallPriority
                0x000000002000128c        0x1 ./Middlewares/Third_Party/FreeRTOS/Source/portable/GCC/ARM_CM4F/port.o
 *fill*         0x000000002000128d        0x3 
 .bss.ulMaxPRIGROUPValue
                0x0000000020001290        0x4 ./Middlewares/Third_Party/FreeRTOS/Source/portable/GCC/ARM_CM4F/port.o
 .bss.ucHeap    0x0000000020001294      0xc00 ./Middlewares/Third_Party/FreeRTOS/Source/portable/MemMang/heap_4.o
 .bss.xStart    0x0000000020001e94        0x8 ./Middlewares/Third_Party/FreeRTOS/Source/portable/MemMang/heap_4.o
 .bss.pxEnd     0x0000000020001e9c        0x4 ./Middlewares/Third_Party/FreeRTOS/Source/portable/MemMang/heap_4.o
 .bss.xFreeBytesRemaining
                0x0000000020001ea0        0x4 ./Middlewares/Third_Party/FreeRTOS/Source/portable/MemMang/heap_4.o
 .bss.xMinimumEverFreeBytesRemaining
                0x0000000020001ea4        0x4 ./Middlewares/Third_Party/FreeRTOS/Source/portable/MemMang/heap_4.o
 .bss.xNumberOfSuccessfulAllocations
                0x0000000020001ea8        0x4 ./Middlewares/Third_Party/FreeRTOS/Source/portable/MemMang/heap_4.o
 .bss.xNumberOfSuccessfulFrees
                0x0000000020001eac        0x4 ./Middlewares/Third_Party/FreeRTOS/Source/portable/MemMang/heap_4.o