../Drivers/STM32WBxx_HAL_Driver/Inc/stm32wbxx_ll_rcc.h:1675:22:LL_RCC_LSE_SetDriveCapability	16	static
../Drivers/STM32WBxx_HAL_Driver/Inc/stm32wbxx_ll_bus.h:539:22:LL_AHB2_GRP1_EnableClock	24	static
../Core/Src/main.c:34:5:main	152	static
../Core/Src/main.c:85:6:vGreenLedControllerTask	24	static
../Core/Src/main.c:94:6:vRedLedControllerTask	24	static
../Core/Src/main.c:115:6:vOrangeLedControllerTask	24	static
../Core/Src/main.c:133:6:vBlueLedControllerTask	24	static
../Core/Src/main.c:142:6:SystemClock_Config	112	static
../Core/Src/main.c:210:13:MX_LPUART1_UART_Init	8	static
../Core/Src/main.c:258:13:MX_USB_PCD_Init	8	static
../Core/Src/main.c:291:13:MX_GPIO_Init	32	static
../Core/Src/main.c:341:6:HAL_TIM_PeriodElapsedCallback	16	static
../Core/Src/main.c:358:6:Error_Handler	4	static,ignoring_inline_asm
