../Core/Src/stm32wbxx_it.c:72:6:NMI_Handler	4	static
../Core/Src/stm32wbxx_it.c:87:6:HardFault_Handler	4	static
../Core/Src/stm32wbxx_it.c:102:6:MemManage_Handler	4	static
../Core/Src/stm32wbxx_it.c:117:6:BusFault_Handler	4	static
../Core/Src/stm32wbxx_it.c:132:6:UsageFault_Handler	4	static
../Core/Src/stm32wbxx_it.c:147:6:DebugMon_Handler	4	static
../Core/Src/stm32wbxx_it.c:160:6:SysTick_Handler	8	static
../Core/Src/stm32wbxx_it.c:189:6:RCC_IRQHandler	4	static
../Core/Src/stm32wbxx_it.c:202:6:USB_LP_IRQHandler	8	static
../Core/Src/stm32wbxx_it.c:216:6:USART1_IRQHandler	8	static
../Core/Src/stm32wbxx_it.c:230:6:CRS_IRQHandler	8	static
