../Drivers/STM32WBxx_HAL_Driver/Inc/stm32wbxx_ll_rcc.h:1675:22:LL_RCC_LSE_SetDriveCapability	16	static
../Drivers/STM32WBxx_HAL_Driver/Inc/stm32wbxx_ll_bus.h:539:22:LL_AHB2_GRP1_EnableClock	24	static
../Core/Src/main.c:28:5:main	16	static
../Core/Src/main.c:52:13:Task1	24	static
../Core/Src/main.c:71:13:Task2	24	static
../Core/Src/main.c:90:13:Task3	24	static
../Core/Src/main.c:110:6:SystemClock_Config	112	static
../Core/Src/main.c:184:13:MX_USB_PCD_Init	8	static
../Core/Src/main.c:217:13:MX_GPIO_Init	32	static
../Core/Src/main.c:267:6:HAL_TIM_PeriodElapsedCallback	16	static
../Core/Src/main.c:284:6:Error_Handler	4	static,ignoring_inline_asm
