../Drivers/STM32WBxx_HAL_Driver/Inc/stm32wbxx_ll_rcc.h:1675:22:LL_RCC_LSE_SetDriveCapability	16	static
../Drivers/STM32WBxx_HAL_Driver/Inc/stm32wbxx_ll_bus.h:539:22:LL_AHB2_GRP1_EnableClock	24	static
../Core/Src/main.c:16:5:main	8	static
../Core/Src/main.c:37:6:SystemClock_Config	112	static
../Core/Src/main.c:111:13:MX_USB_PCD_Init	8	static
../Core/Src/main.c:144:13:MX_GPIO_Init	32	static
../Core/Src/main.c:194:6:HAL_TIM_PeriodElapsedCallback	16	static
../Core/Src/main.c:211:6:Error_Handler	4	static,ignoring_inline_asm
