../Drivers/CMSIS/Include/core_cm4.h:1679:22:__NVIC_EnableIRQ	16	static,ignoring_inline_asm
../Drivers/CMSIS/Include/core_cm4.h:1809:22:__NVIC_SetPriority	16	static
../Drivers/STM32WBxx_HAL_Driver/Inc/stm32wbxx_ll_rcc.h:1675:22:LL_RCC_LSE_SetDriveCapability	16	static
../Drivers/STM32WBxx_HAL_Driver/Inc/stm32wbxx_ll_bus.h:539:22:LL_AHB2_GRP1_EnableClock	24	static
../Core/Src/main.c:24:5:main	16	static
../Core/Src/main.c:55:6:start_rx_interrupt	8	static
../Core/Src/main.c:63:6:LPUART1_IRQHandler	16	static,ignoring_inline_asm
../Core/Src/main.c:80:6:HandlerTask	16	static
../Core/Src/main.c:91:6:SystemClock_Config	112	static
../Core/Src/main.c:165:13:MX_USB_PCD_Init	8	static
../Core/Src/main.c:198:13:MX_GPIO_Init	32	static
../Core/Src/main.c:248:6:HAL_TIM_PeriodElapsedCallback	16	static
../Core/Src/main.c:265:6:Error_Handler	4	static,ignoring_inline_asm
