../Drivers/STM32WBxx_HAL_Driver/Inc/stm32wbxx_ll_rcc.h:1675:22:LL_RCC_LSE_SetDriveCapability	16	static
../Drivers/STM32WBxx_HAL_Driver/Inc/stm32wbxx_ll_bus.h:539:22:LL_AHB2_GRP1_EnableClock	24	static
../Core/Src/main.c:28:5:main	152	static
../Core/Src/main.c:76:6:vGreenLedControllerTask	24	static
../Core/Src/main.c:85:6:vRedLedControllerTask	24	static
../Core/Src/main.c:94:6:vOrangeLedControllerTask	24	static
../Core/Src/main.c:103:6:vBlueLedControllerTask	24	static
../Core/Src/main.c:112:6:SystemClock_Config	112	static
../Core/Src/main.c:180:13:MX_LPUART1_UART_Init	8	static
../Core/Src/main.c:228:13:MX_USB_PCD_Init	8	static
../Core/Src/main.c:261:13:MX_GPIO_Init	32	static
../Core/Src/main.c:311:6:HAL_TIM_PeriodElapsedCallback	16	static
../Core/Src/main.c:328:6:Error_Handler	4	static,ignoring_inline_asm
