../Drivers/STM32WBxx_HAL_Driver/Inc/stm32wbxx_ll_rcc.h:1675:22:LL_RCC_LSE_SetDriveCapability	16	static
../Drivers/STM32WBxx_HAL_Driver/Inc/stm32wbxx_ll_bus.h:539:22:LL_AHB2_GRP1_EnableClock	24	static
../Core/Src/main.c:28:5:main	16	static
../Core/Src/main.c:53:13:InputTask1	16	static
../Core/Src/main.c:62:13:InputTask2	16	static
../Core/Src/main.c:71:13:InputTask3	16	static
../Core/Src/main.c:80:13:OutputTask	32	static
../Core/Src/main.c:109:6:SystemClock_Config	112	static
../Core/Src/main.c:183:13:MX_USB_PCD_Init	8	static
../Core/Src/main.c:216:13:MX_GPIO_Init	32	static
../Core/Src/main.c:266:6:HAL_TIM_PeriodElapsedCallback	16	static
../Core/Src/main.c:283:6:Error_Handler	4	static,ignoring_inline_asm
