../Drivers/STM32WBxx_HAL_Driver/Inc/stm32wbxx_ll_rcc.h:1675:22:LL_RCC_LSE_SetDriveCapability	16	static
../Drivers/STM32WBxx_HAL_Driver/Inc/stm32wbxx_ll_bus.h:539:22:LL_AHB2_GRP1_EnableClock	24	static
../Core/Src/main.c:48:5:main	152	static
../Core/Src/main.c:108:6:vGreenLedControllerTask	16	static
../Core/Src/main.c:118:6:vRedLedControllerTask	24	static
../Core/Src/main.c:131:6:vOrangeLedControllerTask	16	static
../Core/Src/main.c:144:6:vBlueLedControllerTask	16	static
../Core/Src/main.c:159:6:Timer1_Callback	16	static
../Core/Src/main.c:164:6:Timer2_Callback	16	static
../Core/Src/main.c:169:6:SystemClock_Config	112	static
../Core/Src/main.c:237:13:MX_LPUART1_UART_Init	8	static
../Core/Src/main.c:285:13:MX_USB_PCD_Init	8	static
../Core/Src/main.c:318:13:MX_GPIO_Init	32	static
../Core/Src/main.c:368:6:HAL_TIM_PeriodElapsedCallback	16	static
../Core/Src/main.c:385:6:Error_Handler	4	static,ignoring_inline_asm
