../Drivers/STM32WBxx_HAL_Driver/Inc/stm32wbxx_ll_rcc.h:1675:22:LL_RCC_LSE_SetDriveCapability	16	static
../Drivers/STM32WBxx_HAL_Driver/Inc/stm32wbxx_ll_bus.h:539:22:LL_AHB2_GRP1_EnableClock	24	static
../Core/Src/main.c:22:5:main	24	static
../Core/Src/main.c:61:6:prvOneShotTimerCallback	16	static
../Core/Src/main.c:69:6:prvAutoReloadTimerCallback	16	static
../Core/Src/main.c:75:6:SystemClock_Config	112	static
../Core/Src/main.c:149:13:MX_USB_PCD_Init	8	static
../Core/Src/main.c:182:13:MX_GPIO_Init	32	static
../Core/Src/main.c:232:6:HAL_TIM_PeriodElapsedCallback	16	static
../Core/Src/main.c:249:6:Error_Handler	4	static,ignoring_inline_asm
