01:42:17 **** Incremental Build of configuration Debug for project 30_Synchronizing_Task_With_EventGroups ****
make -j12 all 
arm-none-eabi-gcc "../Core/Src/main.c" -mcpu=cortex-m4 -std=gnu11 -g3 -DDEBUG -DUSE_HAL_DRIVER -DSTM32WB55xx -c -I../Core/Inc -I../Drivers/STM32WBxx_HAL_Driver/Inc -I../Drivers/STM32WBxx_HAL_Driver/Inc/Legacy -I../Drivers/CMSIS/Device/ST/STM32WBxx/Include -I../Drivers/CMSIS/Include -I../Middlewares/Third_Party/FreeRTOS/Source/include -I../Middlewares/Third_Party/FreeRTOS/Source/CMSIS_RTOS_V2 -I../Middlewares/Third_Party/FreeRTOS/Source/portable/GCC/ARM_CM4F -O0 -ffunction-sections -fdata-sections -Wall -fstack-usage -MMD -MP -MF"Core/Src/main.d" -MT"Core/Src/main.o" --specs=nano.specs -mfpu=fpv4-sp-d16 -mfloat-abi=hard -mthumb -o "Core/Src/main.o"
arm-none-eabi-g++ -o "30_Synchronizing_Task_With_EventGroups.elf" @"objects.list"   -mcpu=cortex-m4 -T"C:\Users\cdsmi\STM32CubeIDE\workspace_1.10.1\30_Synchronizing_Task_With_EventGroups\STM32WB55RGVX_FLASH.ld" --specs=nosys.specs -Wl,-Map="30_Synchronizing_Task_With_EventGroups.map" -Wl,--gc-sections -static --specs=nano.specs -mfpu=fpv4-sp-d16 -mfloat-abi=hard -mthumb -Wl,--start-group -lc -lm -lstdc++ -lsupc++ -Wl,--end-group
Finished building target: 30_Synchronizing_Task_With_EventGroups.elf
 
arm-none-eabi-size   30_Synchronizing_Task_With_EventGroups.elf 
arm-none-eabi-objdump -h -S  30_Synchronizing_Task_With_EventGroups.elf  > "30_Synchronizing_Task_With_EventGroups.list"
   text	   data	    bss	    dec	    hex	filename
  33568	    128	   9244	  42940	   a7bc	30_Synchronizing_Task_With_EventGroups.elf
Finished building: default.size.stdout
 
Finished building: 30_Synchronizing_Task_With_EventGroups.list
 

01:42:19 Build Finished. 0 errors, 0 warnings. (took 1s.506ms)

