23:47:28 **** Incremental Build of configuration Debug for project 36_Cmsis-RTOS_ThreadSuspend ****
make -j12 all 
arm-none-eabi-gcc "../Core/Src/main.c" -mcpu=cortex-m4 -std=gnu11 -g3 -DDEBUG -DUSE_HAL_DRIVER -DSTM32WB55xx -c -I../Core/Inc -I../Drivers/STM32WBxx_HAL_Driver/Inc -I../Drivers/STM32WBxx_HAL_Driver/Inc/Legacy -I../Drivers/CMSIS/Device/ST/STM32WBxx/Include -I../Drivers/CMSIS/Include -I../Middlewares/Third_Party/FreeRTOS/Source/include -I../Middlewares/Third_Party/FreeRTOS/Source/CMSIS_RTOS_V2 -I../Middlewares/Third_Party/FreeRTOS/Source/portable/GCC/ARM_CM4F -O0 -ffunction-sections -fdata-sections -Wall -fstack-usage -MMD -MP -MF"Core/Src/main.d" -MT"Core/Src/main.o" --specs=nano.specs -mfpu=fpv4-sp-d16 -mfloat-abi=hard -mthumb -o "Core/Src/main.o"
arm-none-eabi-g++ -o "36_Cmsis-RTOS_ThreadSuspend.elf" @"objects.list"   -mcpu=cortex-m4 -T"C:\Users\cdsmi\STM32CubeIDE\workspace_1.10.1\36_Cmsis-RTOS_ThreadSuspend\STM32WB55RGVX_FLASH.ld" --specs=nosys.specs -Wl,-Map="36_Cmsis-RTOS_ThreadSuspend.map" -Wl,--gc-sections -static --specs=nano.specs -mfpu=fpv4-sp-d16 -mfloat-abi=hard -mthumb -Wl,--start-group -lc -lm -lstdc++ -lsupc++ -Wl,--end-group
Finished building target: 36_Cmsis-RTOS_ThreadSuspend.elf
 
arm-none-eabi-size   36_Cmsis-RTOS_ThreadSuspend.elf 
arm-none-eabi-objdump -h -S  36_Cmsis-RTOS_ThreadSuspend.elf  > "36_Cmsis-RTOS_ThreadSuspend.list"
   text	   data	    bss	    dec	    hex	filename
  29440	    124	   9264	  38828	   97ac	36_Cmsis-RTOS_ThreadSuspend.elf
Finished building: default.size.stdout
 
Finished building: 36_Cmsis-RTOS_ThreadSuspend.list
 

23:47:29 Build Finished. 0 errors, 0 warnings. (took 1s.141ms)

