16:45:19 **** Build of configuration Debug for project 38_Cmsis-RTOS_TerminatingThread ****
make -j12 all 
arm-none-eabi-gcc "../Core/Src/main.c" -mcpu=cortex-m4 -std=gnu11 -g3 -DDEBUG -DUSE_HAL_DRIVER -DSTM32WB55xx -c -I../Core/Inc -I../Drivers/STM32WBxx_HAL_Driver/Inc -I../Drivers/STM32WBxx_HAL_Driver/Inc/Legacy -I../Drivers/CMSIS/Device/ST/STM32WBxx/Include -I../Drivers/CMSIS/Include -I../Middlewares/Third_Party/FreeRTOS/Source/include -I../Middlewares/Third_Party/FreeRTOS/Source/CMSIS_RTOS_V2 -I../Middlewares/Third_Party/FreeRTOS/Source/portable/GCC/ARM_CM4F -O0 -ffunction-sections -fdata-sections -Wall -fstack-usage -MMD -MP -MF"Core/Src/main.d" -MT"Core/Src/main.o" --specs=nano.specs -mfpu=fpv4-sp-d16 -mfloat-abi=hard -mthumb -o "Core/Src/main.o"
arm-none-eabi-g++ -o "38_Cmsis-RTOS_TerminatingThread.elf" @"objects.list"   -mcpu=cortex-m4 -T"C:\Users\cdsmi\STM32CubeIDE\workspace_1.10.1\38_Cmsis-RTOS_TerminatingThread\STM32WB55RGVX_FLASH.ld" --specs=nosys.specs -Wl,-Map="38_Cmsis-RTOS_TerminatingThread.map" -Wl,--gc-sections -static --specs=nano.specs -mfpu=fpv4-sp-d16 -mfloat-abi=hard -mthumb -Wl,--start-group -lc -lm -lstdc++ -lsupc++ -Wl,--end-group
Finished building target: 38_Cmsis-RTOS_TerminatingThread.elf
 
arm-none-eabi-size   38_Cmsis-RTOS_TerminatingThread.elf 
arm-none-eabi-objdump -h -S  38_Cmsis-RTOS_TerminatingThread.elf  > "38_Cmsis-RTOS_TerminatingThread.list"
   text	   data	    bss	    dec	    hex	filename
  29680	    124	   9272	  39076	   98a4	38_Cmsis-RTOS_TerminatingThread.elf
Finished building: default.size.stdout
 
Finished building: 38_Cmsis-RTOS_TerminatingThread.list
 

16:45:23 Build Finished. 0 errors, 0 warnings. (took 3s.330ms)

