02:47:37 **** Build of configuration Debug for project 44_Cmsis-RTOS_osEventFlags ****
make -j12 all 
arm-none-eabi-gcc "../Core/Src/main.c" -mcpu=cortex-m4 -std=gnu11 -g3 -DDEBUG -DUSE_HAL_DRIVER -DSTM32WB55xx -c -I../Core/Inc -I../Drivers/STM32WBxx_HAL_Driver/Inc -I../Drivers/STM32WBxx_HAL_Driver/Inc/Legacy -I../Drivers/CMSIS/Device/ST/STM32WBxx/Include -I../Drivers/CMSIS/Include -I../Middlewares/Third_Party/FreeRTOS/Source/include -I../Middlewares/Third_Party/FreeRTOS/Source/CMSIS_RTOS_V2 -I../Middlewares/Third_Party/FreeRTOS/Source/portable/GCC/ARM_CM4F -O0 -ffunction-sections -fdata-sections -Wall -fstack-usage -MMD -MP -MF"Core/Src/main.d" -MT"Core/Src/main.o" --specs=nano.specs -mfpu=fpv4-sp-d16 -mfloat-abi=hard -mthumb -o "Core/Src/main.o"
../Core/Src/main.c: In function 'vRedLedControllerTask':
../Core/Src/main.c:128:11: warning: unused variable 'valueToSend' [-Wunused-variable]
  128 |  uint16_t valueToSend[1] = {2050};
      |           ^~~~~~~~~~~
arm-none-eabi-g++ -o "44_Cmsis-RTOS_osEventFlags.elf" @"objects.list"   -mcpu=cortex-m4 -T"C:\Users\cdsmi\STM32CubeIDE\workspace_1.10.1\44_Cmsis-RTOS_osEventFlags\STM32WB55RGVX_FLASH.ld" --specs=nosys.specs -Wl,-Map="44_Cmsis-RTOS_osEventFlags.map" -Wl,--gc-sections -static --specs=nano.specs -mfpu=fpv4-sp-d16 -mfloat-abi=hard -mthumb -Wl,--start-group -lc -lm -lstdc++ -lsupc++ -Wl,--end-group
Finished building target: 44_Cmsis-RTOS_osEventFlags.elf
 
arm-none-eabi-size   44_Cmsis-RTOS_osEventFlags.elf 
arm-none-eabi-objdump -h -S  44_Cmsis-RTOS_osEventFlags.elf  > "44_Cmsis-RTOS_osEventFlags.list"
   text	   data	    bss	    dec	    hex	filename
  33188	    124	   9288	  42600	   a668	44_Cmsis-RTOS_osEventFlags.elf
Finished building: default.size.stdout
 
Finished building: 44_Cmsis-RTOS_osEventFlags.list
 
