../Drivers/STM32WBxx_HAL_Driver/Inc/stm32wbxx_ll_rcc.h:1675:22:LL_RCC_LSE_SetDriveCapability	16	static
../Drivers/STM32WBxx_HAL_Driver/Inc/stm32wbxx_ll_bus.h:539:22:LL_AHB2_GRP1_EnableClock	24	static
../Core/Src/main.c:22:5:main	16	static
../Core/Src/main.c:60:6:digital_sensor_task	16	static
../Core/Src/main.c:78:6:analog_sensor_task	16	static
../Core/Src/main.c:95:6:SystemClock_Config	112	static
../Core/Src/main.c:169:13:MX_USB_PCD_Init	8	static
../Core/Src/main.c:202:13:MX_GPIO_Init	32	static
../Core/Src/main.c:252:6:HAL_TIM_PeriodElapsedCallback	16	static
../Core/Src/main.c:269:6:Error_Handler	4	static,ignoring_inline_asm
